Archive member included because of file (symbol)

c:/program files (x86)/atmel/atmel toolchain/arm gcc/native/4.8.1437/arm-gnu-toolchain/bin/../lib/gcc/arm-none-eabi/4.8.4/../../../../arm-none-eabi/lib/armv7e-m\libc.a(lib_a-exit.o)
                              c:/program files (x86)/atmel/atmel toolchain/arm gcc/native/4.8.1437/arm-gnu-toolchain/bin/../lib/gcc/arm-none-eabi/4.8.4/../../../../arm-none-eabi/lib/armv7e-m/crt0.o (exit)
c:/program files (x86)/atmel/atmel toolchain/arm gcc/native/4.8.1437/arm-gnu-toolchain/bin/../lib/gcc/arm-none-eabi/4.8.4/../../../../arm-none-eabi/lib/armv7e-m\libc.a(lib_a-impure.o)
                              c:/program files (x86)/atmel/atmel toolchain/arm gcc/native/4.8.1437/arm-gnu-toolchain/bin/../lib/gcc/arm-none-eabi/4.8.4/../../../../arm-none-eabi/lib/armv7e-m\libc.a(lib_a-exit.o) (_global_impure_ptr)
c:/program files (x86)/atmel/atmel toolchain/arm gcc/native/4.8.1437/arm-gnu-toolchain/bin/../lib/gcc/arm-none-eabi/4.8.4/../../../../arm-none-eabi/lib/armv7e-m\libc.a(lib_a-init.o)
                              c:/program files (x86)/atmel/atmel toolchain/arm gcc/native/4.8.1437/arm-gnu-toolchain/bin/../lib/gcc/arm-none-eabi/4.8.4/../../../../arm-none-eabi/lib/armv7e-m/crt0.o (__libc_init_array)
c:/program files (x86)/atmel/atmel toolchain/arm gcc/native/4.8.1437/arm-gnu-toolchain/bin/../lib/gcc/arm-none-eabi/4.8.4/../../../../arm-none-eabi/lib/armv7e-m\libc.a(lib_a-iprintf.o)
                              src/ASF/sam/utils/syscalls/gcc/syscalls.o (iprintf)
c:/program files (x86)/atmel/atmel toolchain/arm gcc/native/4.8.1437/arm-gnu-toolchain/bin/../lib/gcc/arm-none-eabi/4.8.4/../../../../arm-none-eabi/lib/armv7e-m\libc.a(lib_a-memcpy.o)
                              src/ASF/common/services/usb/class/cdc/device/udi_cdc.o (memcpy)
c:/program files (x86)/atmel/atmel toolchain/arm gcc/native/4.8.1437/arm-gnu-toolchain/bin/../lib/gcc/arm-none-eabi/4.8.4/../../../../arm-none-eabi/lib/armv7e-m\libc.a(lib_a-memset.o)
                              c:/program files (x86)/atmel/atmel toolchain/arm gcc/native/4.8.1437/arm-gnu-toolchain/bin/../lib/gcc/arm-none-eabi/4.8.4/../../../../arm-none-eabi/lib/armv7e-m/crt0.o (memset)
c:/program files (x86)/atmel/atmel toolchain/arm gcc/native/4.8.1437/arm-gnu-toolchain/bin/../lib/gcc/arm-none-eabi/4.8.4/../../../../arm-none-eabi/lib/armv7e-m\libc.a(lib_a-setbuf.o)
                              src/ASF/common/utils/stdio/stdio_usb/stdio_usb.o (setbuf)
c:/program files (x86)/atmel/atmel toolchain/arm gcc/native/4.8.1437/arm-gnu-toolchain/bin/../lib/gcc/arm-none-eabi/4.8.4/../../../../arm-none-eabi/lib/armv7e-m\libc.a(lib_a-setvbuf.o)
                              c:/program files (x86)/atmel/atmel toolchain/arm gcc/native/4.8.1437/arm-gnu-toolchain/bin/../lib/gcc/arm-none-eabi/4.8.4/../../../../arm-none-eabi/lib/armv7e-m\libc.a(lib_a-setbuf.o) (setvbuf)
c:/program files (x86)/atmel/atmel toolchain/arm gcc/native/4.8.1437/arm-gnu-toolchain/bin/../lib/gcc/arm-none-eabi/4.8.4/../../../../arm-none-eabi/lib/armv7e-m\libc.a(lib_a-sscanf.o)
                              src/main.o (sscanf)
c:/program files (x86)/atmel/atmel toolchain/arm gcc/native/4.8.1437/arm-gnu-toolchain/bin/../lib/gcc/arm-none-eabi/4.8.4/../../../../arm-none-eabi/lib/armv7e-m\libc.a(lib_a-stdio.o)
                              c:/program files (x86)/atmel/atmel toolchain/arm gcc/native/4.8.1437/arm-gnu-toolchain/bin/../lib/gcc/arm-none-eabi/4.8.4/../../../../arm-none-eabi/lib/armv7e-m\libc.a(lib_a-sscanf.o) (__seofread)
c:/program files (x86)/atmel/atmel toolchain/arm gcc/native/4.8.1437/arm-gnu-toolchain/bin/../lib/gcc/arm-none-eabi/4.8.4/../../../../arm-none-eabi/lib/armv7e-m\libc.a(lib_a-strcmp.o)
                              src/main.o (strcmp)
c:/program files (x86)/atmel/atmel toolchain/arm gcc/native/4.8.1437/arm-gnu-toolchain/bin/../lib/gcc/arm-none-eabi/4.8.4/../../../../arm-none-eabi/lib/armv7e-m\libc.a(lib_a-strlen.o)
                              c:/program files (x86)/atmel/atmel toolchain/arm gcc/native/4.8.1437/arm-gnu-toolchain/bin/../lib/gcc/arm-none-eabi/4.8.4/../../../../arm-none-eabi/lib/armv7e-m\libc.a(lib_a-sscanf.o) (strlen)
c:/program files (x86)/atmel/atmel toolchain/arm gcc/native/4.8.1437/arm-gnu-toolchain/bin/../lib/gcc/arm-none-eabi/4.8.4/../../../../arm-none-eabi/lib/armv7e-m\libc.a(lib_a-strncmp.o)
                              src/main.o (strncmp)
c:/program files (x86)/atmel/atmel toolchain/arm gcc/native/4.8.1437/arm-gnu-toolchain/bin/../lib/gcc/arm-none-eabi/4.8.4/../../../../arm-none-eabi/lib/armv7e-m\libc.a(lib_a-svfscanf.o)
                              c:/program files (x86)/atmel/atmel toolchain/arm gcc/native/4.8.1437/arm-gnu-toolchain/bin/../lib/gcc/arm-none-eabi/4.8.4/../../../../arm-none-eabi/lib/armv7e-m\libc.a(lib_a-sscanf.o) (__ssvfscanf_r)
c:/program files (x86)/atmel/atmel toolchain/arm gcc/native/4.8.1437/arm-gnu-toolchain/bin/../lib/gcc/arm-none-eabi/4.8.4/../../../../arm-none-eabi/lib/armv7e-m\libc.a(lib_a-vfiprintf.o)
[...]
Memory Configuration

Name             Origin             Length             Attributes
rom              0x00400000         0x00100000         xr
ram              0x20000000         0x00020000         xrw
*default*        0x00000000         0xffffffff

Linker script and memory map

LOAD c:/program files (x86)/atmel/atmel toolchain/arm gcc/native/4.8.1437/arm-gnu-toolchain/bin/../lib/gcc/arm-none-eabi/4.8.4/armv7e-m/crti.o
LOAD c:/program files (x86)/atmel/atmel toolchain/arm gcc/native/4.8.1437/arm-gnu-toolchain/bin/../lib/gcc/arm-none-eabi/4.8.4/armv7e-m/crtbegin.o
LOAD c:/program files (x86)/atmel/atmel toolchain/arm gcc/native/4.8.1437/arm-gnu-toolchain/bin/../lib/gcc/arm-none-eabi/4.8.4/../../../../arm-none-eabi/lib/armv7e-m/crt0.o
LOAD src/ASF/common/services/sleepmgr/sam/sleepmgr.o
LOAD src/ASF/common/services/usb/class/cdc/device/udi_cdc.o
LOAD src/ASF/common/services/usb/udc/udc.o
LOAD src/ASF/common/utils/stdio/read.o
LOAD src/ASF/common/utils/stdio/stdio_usb/stdio_usb.o
LOAD src/ASF/sam/drivers/pio/pio_handler.o
LOAD src/ASF/sam/drivers/udp/udp_device.o
LOAD src/ASF/common/utils/stdio/write.o
LOAD src/ASF/common/services/usb/class/cdc/device/udi_cdc_desc.o
LOAD src/ASF/sam/drivers/pio/pio.o
LOAD src/ASF/sam/drivers/tc/tc.o
LOAD src/ASF/common/services/clock/sam4e/sysclk.o
LOAD src/ASF/common/utils/interrupt/interrupt_sam_nvic.o
LOAD src/ASF/sam/boards/sam4e_ek/init.o
LOAD src/ASF/sam/drivers/pmc/pmc.o
LOAD src/ASF/sam/drivers/pmc/sleep.o
LOAD src/ASF/sam/utils/cmsis/sam4e/source/templates/exceptions.o
LOAD src/ASF/sam/utils/cmsis/sam4e/source/templates/gcc/startup_sam4e.o
LOAD src/ASF/sam/utils/cmsis/sam4e/source/templates/system_sam4e.o
LOAD src/ASF/sam/utils/syscalls/gcc/syscalls.o
LOAD src/main.o
START GROUP
LOAD ../src/ASF/thirdparty/CMSIS/Lib/GCC\libarm_cortexM4lf_math.a
LOAD c:/program files (x86)/atmel/atmel toolchain/arm gcc/native/4.8.1437/arm-gnu-toolchain/bin/../lib/gcc/arm-none-eabi/4.8.4/../../../../arm-none-eabi/lib/armv7e-m\libm.a
END GROUP
START GROUP
LOAD c:/program files (x86)/atmel/atmel toolchain/arm gcc/native/4.8.1437/arm-gnu-toolchain/bin/../lib/gcc/arm-none-eabi/4.8.4/armv7e-m\libgcc.a
LOAD c:/program files (x86)/atmel/atmel toolchain/arm gcc/native/4.8.1437/arm-gnu-toolchain/bin/../lib/gcc/arm-none-eabi/4.8.4/../../../../arm-none-eabi/lib/armv7e-m\libc.a
END GROUP
LOAD c:/program files (x86)/atmel/atmel toolchain/arm gcc/native/4.8.1437/arm-gnu-toolchain/bin/../lib/gcc/arm-none-eabi/4.8.4/armv7e-m/crtend.o
LOAD c:/program files (x86)/atmel/atmel toolchain/arm gcc/native/4.8.1437/arm-gnu-toolchain/bin/../lib/gcc/arm-none-eabi/4.8.4/armv7e-m/crtn.o
                0x00003000                __stack_size__ = DEFINED (__stack_size__)?__stack_size__:0x3000
                0x2001fffc                __ram_end__ = ((ORIGIN (ram) + 0x20000) - 0x4)

.text           0x00400000     0xd528
                0x00400000                . = ALIGN (0x4)
                0x00400000                _sfixed = .
 *(.vectors .vectors.*)
 .vectors       0x00400000       0xf8 src/ASF/sam/utils/cmsis/sam4e/source/templates/gcc/startup_sam4e.o
                0x00400000                exception_table
 *(.text .text.* .gnu.linkonce.t.*)
 .text          0x004000f8       0x54 c:/program files (x86)/atmel/atmel toolchain/arm gcc/native/4.8.1437/arm-gnu-toolchain/bin/../lib/gcc/arm-none-eabi/4.8.4/armv7e-m/crtbegin.o
 .text.udi_cdc_comm_disable
                0x0040014c       0x10 src/ASF/common/services/usb/class/cdc/device/udi_cdc.o
                0x0040014c                udi_cdc_comm_disable
 .text.udi_cdc_data_setup
                0x0040015c        0x4 src/ASF/common/services/usb/class/cdc/device/udi_cdc.o
                0x0040015c                udi_cdc_data_setup
 .text.udi_cdc_getsetting
                0x00400160        0x4 src/ASF/common/services/usb/class/cdc/device/udi_cdc.o
                0x00400160                udi_cdc_getsetting
 .text.udi_cdc_comm_setup
                0x00400164       0x84 src/ASF/common/services/usb/class/cdc/device/udi_cdc.o
                0x00400164                udi_cdc_comm_setup
 .text.udi_cdc_line_coding_received
                0x004001e8        0x4 src/ASF/common/services/usb/class/cdc/device/udi_cdc.o
 .text.udi_cdc_comm_enable
                0x004001ec       0x5c src/ASF/common/services/usb/class/cdc/device/udi_cdc.o
                0x004001ec                udi_cdc_comm_enable
 .text.udi_cdc_tx_send
                0x00400248      0x144 src/ASF/common/services/usb/class/cdc/device/udi_cdc.o
 .text.udi_cdc_data_sent
                0x0040038c       0x3c src/ASF/common/services/usb/class/cdc/device/udi_cdc.o
 .text.udi_cdc_data_sof_notify
                0x004003c8       0x10 src/ASF/common/services/usb/class/cdc/device/udi_cdc.o
                0x004003c8                udi_cdc_data_sof_notify
 .text.udi_cdc_data_disable
                0x004003d8       0x28 src/ASF/common/services/usb/class/cdc/device/udi_cdc.o
                0x004003d8                udi_cdc_data_disable
 .text.udi_cdc_multi_get_nb_received_data
                0x00400400       0x44 src/ASF/common/services/usb/class/cdc/device/udi_cdc.o
                0x00400400                udi_cdc_multi_get_nb_received_data
 .text.udi_cdc_multi_is_rx_ready
                0x00400444       0x14 src/ASF/common/services/usb/class/cdc/device/udi_cdc.o
                0x00400444                udi_cdc_multi_is_rx_ready
 .text.udi_cdc_rx_start
                0x00400458       0xb8 src/ASF/common/services/usb/class/cdc/device/udi_cdc.o
 .text.udi_cdc_data_enable
                0x00400510       0x90 src/ASF/common/services/usb/class/cdc/device/udi_cdc.o
                0x00400510                udi_cdc_data_enable
 .text.udi_cdc_data_received
                0x004005a0       0x5c src/ASF/common/services/usb/class/cdc/device/udi_cdc.o
 .text.udi_cdc_is_rx_ready
                0x004005fc       0x10 src/ASF/common/services/usb/class/cdc/device/udi_cdc.o
                0x004005fc                udi_cdc_is_rx_ready
 .text.udi_cdc_multi_getc
                0x0040060c       0xac src/ASF/common/services/usb/class/cdc/device/udi_cdc.o
                0x0040060c                udi_cdc_multi_getc
 .text.udi_cdc_getc
                0x004006b8       0x10 src/ASF/common/services/usb/class/cdc/device/udi_cdc.o
                0x004006b8                udi_cdc_getc
 .text.udi_cdc_multi_get_free_tx_buffer
                0x004006c8       0x70 src/ASF/common/services/usb/class/cdc/device/udi_cdc.o
                0x004006c8                udi_cdc_multi_get_free_tx_buffer
 .text.udi_cdc_multi_is_tx_ready
                0x00400738       0x14 src/ASF/common/services/usb/class/cdc/device/udi_cdc.o
                0x00400738                udi_cdc_multi_is_tx_ready
 .text.udi_cdc_multi_putc
                0x0040074c       0x90 src/ASF/common/services/usb/class/cdc/device/udi_cdc.o
                0x0040074c                udi_cdc_multi_putc
 .text.udi_cdc_putc
                0x004007dc       0x10 src/ASF/common/services/usb/class/cdc/device/udi_cdc.o
                0x004007dc                udi_cdc_putc
 .text.udc_next_desc_in_iface
                0x004007ec       0x44 src/ASF/common/services/usb/udc/udc.o
 .text.udc_valid_address
                0x00400830       0x18 src/ASF/common/services/usb/udc/udc.o
 .text.udc_update_iface_desc
                0x00400848       0x68 src/ASF/common/services/usb/udc/udc.o
 .text.udc_iface_disable
                0x004008b0       0x68 src/ASF/common/services/usb/udc/udc.o
 .text.udc_iface_enable
                0x00400918       0x5c src/ASF/common/services/usb/udc/udc.o
 .text.udc_start
                0x00400974        0xc src/ASF/common/services/usb/udc/udc.o
                0x00400974                udc_start
 .text.udc_reset
                0x00400980       0x48 src/ASF/common/services/usb/udc/udc.o
                0x00400980                udc_reset
 .text.udc_sof_notify
                0x004009c8       0x3c src/ASF/common/services/usb/udc/udc.o
                0x004009c8                udc_sof_notify
 .text.udc_process_setup
                0x00400a04      0x480 src/ASF/common/services/usb/udc/udc.o
                0x00400a04                udc_process_setup
 .text._read    0x00400e84       0x40 src/ASF/common/utils/stdio/read.o
                0x00400e84                _read
 .text.stdio_usb_putchar
                0x00400ec4       0x28 src/ASF/common/utils/stdio/stdio_usb/stdio_usb.o
                0x00400ec4                stdio_usb_putchar
 .text.stdio_usb_getchar
                0x00400eec       0x20 src/ASF/common/utils/stdio/stdio_usb/stdio_usb.o
                0x00400eec                stdio_usb_getchar
 .text.stdio_usb_enable
                0x00400f0c        0xc src/ASF/common/utils/stdio/stdio_usb/stdio_usb.o
                0x00400f0c                stdio_usb_enable
 .text.stdio_usb_disable
                0x00400f18        0xc src/ASF/common/utils/stdio/stdio_usb/stdio_usb.o
                0x00400f18                stdio_usb_disable
 .text.stdio_usb_init
                0x00400f24       0x50 src/ASF/common/utils/stdio/stdio_usb/stdio_usb.o
                0x00400f24                stdio_usb_init
 .text.pio_handler_process
                0x00400f74       0x70 src/ASF/sam/drivers/pio/pio_handler.o
                0x00400f74                pio_handler_process
 .text.pio_handler_set
                0x00400fe4       0x3c src/ASF/sam/drivers/pio/pio_handler.o
                0x00400fe4                pio_handler_set
 .text.PIOA_Handler
                0x00401020       0x14 src/ASF/sam/drivers/pio/pio_handler.o
                0x00401020                PIOA_Handler
 .text.PIOB_Handler
                0x00401034       0x14 src/ASF/sam/drivers/pio/pio_handler.o
                0x00401034                PIOB_Handler
 .text.PIOC_Handler
                0x00401048       0x14 src/ASF/sam/drivers/pio/pio_handler.o
                0x00401048                PIOC_Handler
 .text.PIOD_Handler
                0x0040105c       0x14 src/ASF/sam/drivers/pio/pio_handler.o
                0x0040105c                PIOD_Handler
 .text.PIOE_Handler
                0x00401070       0x14 src/ASF/sam/drivers/pio/pio_handler.o
                0x00401070                PIOE_Handler
 .text.pio_handler_set_priority
                0x00401084       0x8c src/ASF/sam/drivers/pio/pio_handler.o
                0x00401084                pio_handler_set_priority
 .text.udd_sleep_mode
                0x00401110       0x74 src/ASF/sam/drivers/udp/udp_device.o
 .text.udd_ctrl_init
                0x00401184       0x18 src/ASF/sam/drivers/udp/udp_device.o
 .text.udd_ctrl_stall_data
                0x0040119c       0x48 src/ASF/sam/drivers/udp/udp_device.o
 .text.udd_ctrl_send_zlp_in
                0x004011e4       0x48 src/ASF/sam/drivers/udp/udp_device.o
 .text.udd_ctrl_endofrequest
                0x0040122c       0x10 src/ASF/sam/drivers/udp/udp_device.o
 .text.udd_ctrl_in_sent
                0x0040123c      0x200 src/ASF/sam/drivers/udp/udp_device.o
 .text.udd_ep_finish_job
                0x0040143c       0x40 src/ASF/sam/drivers/udp/udp_device.o
 .text.udd_ep_ack_out_received
                0x0040147c       0xcc src/ASF/sam/drivers/udp/udp_device.o
 .text.udd_ep_in_sent
                0x00401548      0x160 src/ASF/sam/drivers/udp/udp_device.o
 .text.UDP_Handler
                0x004016a8      0xa70 src/ASF/sam/drivers/udp/udp_device.o
                0x004016a8                UDP_Handler
 .text.udd_attach
                0x00402118       0x70 src/ASF/sam/drivers/udp/udp_device.o
                0x00402118                udd_attach
 .text.udd_enable
                0x00402188       0xb8 src/ASF/sam/drivers/udp/udp_device.o
                0x00402188                udd_enable
 .text.udd_is_high_speed
                0x00402240        0x4 src/ASF/sam/drivers/udp/udp_device.o
                0x00402240                udd_is_high_speed
 .text.udd_set_address
                0x00402244       0x38 src/ASF/sam/drivers/udp/udp_device.o
                0x00402244                udd_set_address
 .text.udd_getaddress
                0x0040227c       0x1c src/ASF/sam/drivers/udp/udp_device.o
                0x0040227c                udd_getaddress
 .text.udd_get_frame_number
                0x00402298       0x10 src/ASF/sam/drivers/udp/udp_device.o
                0x00402298                udd_get_frame_number
 .text.udd_get_micro_frame_number
                0x004022a8        0x4 src/ASF/sam/drivers/udp/udp_device.o
                0x004022a8                udd_get_micro_frame_number
 .text.udd_set_setup_payload
                0x004022ac        0xc src/ASF/sam/drivers/udp/udp_device.o
                0x004022ac                udd_set_setup_payload
 .text.udd_ep_alloc
                0x004022b8      0x104 src/ASF/sam/drivers/udp/udp_device.o
                0x004022b8                udd_ep_alloc
 .text.udd_ep_free
                0x004023bc       0x38 src/ASF/sam/drivers/udp/udp_device.o
                0x004023bc                udd_ep_free
 .text.udd_ep_is_halted
                0x004023f4       0x40 src/ASF/sam/drivers/udp/udp_device.o
                0x004023f4                udd_ep_is_halted
 .text.udd_ep_set_halt
                0x00402434       0xe8 src/ASF/sam/drivers/udp/udp_device.o
                0x00402434                udd_ep_set_halt
 .text.udd_ep_clear_halt
                0x0040251c       0xd8 src/ASF/sam/drivers/udp/udp_device.o
                0x0040251c                udd_ep_clear_halt
 .text.udd_ep_run
                0x004025f4      0x154 src/ASF/sam/drivers/udp/udp_device.o
                0x004025f4                udd_ep_run
 .text.udd_ep_abort
                0x00402748      0x148 src/ASF/sam/drivers/udp/udp_device.o
                0x00402748                udd_ep_abort
 .text._write   0x00402890       0x54 src/ASF/common/utils/stdio/write.o
                0x00402890                _write
 .text.pio_get  0x004028e4       0x18 src/ASF/sam/drivers/pio/pio.o
                0x004028e4                pio_get
 .text.pio_set_peripheral
                0x004028fc       0x90 src/ASF/sam/drivers/pio/pio.o
                0x004028fc                pio_set_peripheral
 .text.pio_set_input
                0x0040298c       0x34 src/ASF/sam/drivers/pio/pio.o
                0x0040298c                pio_set_input
 .text.pio_set_output
                0x004029c0       0x28 src/ASF/sam/drivers/pio/pio.o
                0x004029c0                pio_set_output
 .text.pio_configure
                0x004029e8       0x94 src/ASF/sam/drivers/pio/pio.o
                0x004029e8                pio_configure
 .text.pio_configure_interrupt
                0x00402a7c       0x30 src/ASF/sam/drivers/pio/pio.o
                0x00402a7c                pio_configure_interrupt
 .text.pio_enable_interrupt
                0x00402aac        0x8 src/ASF/sam/drivers/pio/pio.o
                0x00402aac                pio_enable_interrupt
 .text.pio_disable_interrupt
                0x00402ab4        0x4 src/ASF/sam/drivers/pio/pio.o
                0x00402ab4                pio_disable_interrupt
 .text.pio_get_interrupt_status
                0x00402ab8        0x4 src/ASF/sam/drivers/pio/pio.o
                0x00402ab8                pio_get_interrupt_status
 .text.pio_get_interrupt_mask
                0x00402abc        0x4 src/ASF/sam/drivers/pio/pio.o
                0x00402abc                pio_get_interrupt_mask
 .text.tc_init  0x00402ac0       0x1c src/ASF/sam/drivers/tc/tc.o
                0x00402ac0                tc_init
 .text.tc_sync_trigger
                0x00402adc        0x8 src/ASF/sam/drivers/tc/tc.o
                0x00402adc                tc_sync_trigger
 .text.tc_start
                0x00402ae4        0x8 src/ASF/sam/drivers/tc/tc.o
                0x00402ae4                tc_start
 .text.tc_read_cv
                0x00402aec        0x8 src/ASF/sam/drivers/tc/tc.o
                0x00402aec                tc_read_cv
 .text.sysclk_enable_usb
                0x00402af4       0x50 src/ASF/common/services/clock/sam4e/sysclk.o
                0x00402af4                sysclk_enable_usb
 .text.sysclk_init
                0x00402b44       0x68 src/ASF/common/services/clock/sam4e/sysclk.o
                0x00402b44                sysclk_init
 .text.board_init
                0x00402bac      0x118 src/ASF/sam/boards/sam4e_ek/init.o
                0x00402bac                board_init
 .text.pmc_switch_mck_to_pllack
                0x00402cc4       0x64 src/ASF/sam/drivers/pmc/pmc.o
                0x00402cc4                pmc_switch_mck_to_pllack
 .text.pmc_switch_mainck_to_xtal
                0x00402d28       0x54 src/ASF/sam/drivers/pmc/pmc.o
                0x00402d28                pmc_switch_mainck_to_xtal
 .text.pmc_osc_is_ready_mainck
                0x00402d7c       0x10 src/ASF/sam/drivers/pmc/pmc.o
                0x00402d7c                pmc_osc_is_ready_mainck
 .text.pmc_disable_pllack
                0x00402d8c       0x10 src/ASF/sam/drivers/pmc/pmc.o
                0x00402d8c                pmc_disable_pllack
 .text.pmc_is_locked_pllack
                0x00402d9c       0x10 src/ASF/sam/drivers/pmc/pmc.o
                0x00402d9c                pmc_is_locked_pllack
 .text.pmc_enable_periph_clk
                0x00402dac       0x58 src/ASF/sam/drivers/pmc/pmc.o
                0x00402dac                pmc_enable_periph_clk
 .text.pmc_disable_periph_clk
                0x00402e04       0x58 src/ASF/sam/drivers/pmc/pmc.o
                0x00402e04                pmc_disable_periph_clk
 .text.pmc_switch_udpck_to_pllack
                0x00402e5c       0x10 src/ASF/sam/drivers/pmc/pmc.o
                0x00402e5c                pmc_switch_udpck_to_pllack
 .text.pmc_enable_udpck
                0x00402e6c        0xc src/ASF/sam/drivers/pmc/pmc.o
                0x00402e6c                pmc_enable_udpck
 .text.pmc_set_fast_startup_input
                0x00402e78       0x14 src/ASF/sam/drivers/pmc/pmc.o
                0x00402e78                pmc_set_fast_startup_input
 .text.pmc_is_wakeup_clocks_restored
                0x00402e8c       0x10 src/ASF/sam/drivers/pmc/sleep.o
                0x00402e8c                pmc_is_wakeup_clocks_restored
 .text.Dummy_Handler
                0x00402e9c        0x4 src/ASF/sam/utils/cmsis/sam4e/source/templates/exceptions.o
                0x00402e9c                DACC_Handler
                0x00402e9c                DebugMon_Handler
                0x00402e9c                DMAC_Handler
                0x00402e9c                HardFault_Handler
                0x00402e9c                TC2_Handler
                0x00402e9c                SPI_Handler
                0x00402e9c                SysTick_Handler
                0x00402e9c                TWI1_Handler
                0x00402e9c                AFEC1_Handler
                0x00402e9c                PendSV_Handler
                0x00402e9c                NMI_Handler
                0x00402e9c                TC7_Handler
                0x00402e9c                SMC_Handler
                0x00402e9c                USART0_Handler
                0x00402e9c                RTT_Handler
                0x00402e9c                RTC_Handler
                0x00402e9c                UsageFault_Handler
                0x00402e9c                TC6_Handler
                0x00402e9c                WDT_Handler
                0x00402e9c                CAN0_Handler
                0x00402e9c                TC4_Handler
                0x00402e9c                TC1_Handler
                0x00402e9c                HSMCI_Handler
                0x00402e9c                UART1_Handler
                0x00402e9c                TC3_Handler
                0x00402e9c                ARM_Handler
                0x00402e9c                Dummy_Handler
                0x00402e9c                TWI0_Handler
                0x00402e9c                USART1_Handler
                0x00402e9c                AFEC0_Handler
                0x00402e9c                ACC_Handler
                0x00402e9c                PMC_Handler
                0x00402e9c                PWM_Handler
                0x00402e9c                GMAC_Handler
                0x00402e9c                CAN1_Handler
                0x00402e9c                MemManage_Handler
                0x00402e9c                SUPC_Handler
                0x00402e9c                SVC_Handler
                0x00402e9c                TC8_Handler
                0x00402e9c                EFC_Handler
                0x00402e9c                UART0_Handler
                0x00402e9c                BusFault_Handler
                0x00402e9c                RSTC_Handler
                0x00402e9c                TC0_Handler
                0x00402e9c                TC5_Handler
                0x00402e9c                AES_Handler
 .text.Reset_Handler
                0x00402ea0       0xd4 src/ASF/sam/utils/cmsis/sam4e/source/templates/gcc/startup_sam4e.o
                0x00402ea0                Reset_Handler
 .text.SystemCoreClockUpdate
                0x00402f74      0x110 src/ASF/sam/utils/cmsis/sam4e/source/templates/system_sam4e.o
                0x00402f74                SystemCoreClockUpdate
 .text.system_init_flash
                0x00403084       0x74 src/ASF/sam/utils/cmsis/sam4e/source/templates/system_sam4e.o
                0x00403084                system_init_flash
 .text._sbrk    0x004030f8       0x34 src/ASF/sam/utils/syscalls/gcc/syscalls.o
                0x004030f8                _sbrk
 .text._close   0x0040312c        0x8 src/ASF/sam/utils/syscalls/gcc/syscalls.o
                0x0040312c                _close
 .text._fstat   0x00403134        0xc src/ASF/sam/utils/syscalls/gcc/syscalls.o
                0x00403134                _fstat
 .text._isatty  0x00403140        0x4 src/ASF/sam/utils/syscalls/gcc/syscalls.o
                0x00403140                _isatty
 .text._lseek   0x00403144        0x4 src/ASF/sam/utils/syscalls/gcc/syscalls.o
                0x00403144                _lseek
 .text.Trigger_Step
                0x00403148       0xe8 src/main.o
 .text.parse_gcode
                0x00403230      0x210 src/main.o
                0x00403230                parse_gcode
 .text.main     0x00403440      0x15c src/main.o
                0x00403440                main
 .text.__libc_init_array
                0x0040359c       0x50 c:/program files (x86)/atmel/atmel toolchain/arm gcc/native/4.8.1437/arm-gnu-toolchain/bin/../lib/gcc/arm-none-eabi/4.8.4/../../../../arm-none-eabi/lib/armv7e-m\libc.a(lib_a-init.o)
                0x0040359c                __libc_init_array
 .text.iprintf  0x004035ec       0x28 c:/program files (x86)/atmel/atmel toolchain/arm gcc/native/4.8.1437/arm-gnu-toolchain/bin/../lib/gcc/arm-none-eabi/4.8.4/../../../../arm-none-eabi/lib/armv7e-m\libc.a(lib_a-iprintf.o)
                0x004035ec                iprintf
 .text          0x00403614      0x134 c:/program files (x86)/atmel/atmel toolchain/arm gcc/native/4.8.1437/arm-gnu-toolchain/bin/../lib/gcc/arm-none-eabi/4.8.4/../../../../arm-none-eabi/lib/armv7e-m\libc.a(lib_a-memcpy.o)
                0x00403614                memcpy
 .text.memset   0x00403748       0x94 c:/program files (x86)/atmel/atmel toolchain/arm gcc/native/4.8.1437/arm-gnu-toolchain/bin/../lib/gcc/arm-none-eabi/4.8.4/../../../../arm-none-eabi/lib/armv7e-m\libc.a(lib_a-memset.o)
                0x00403748                memset
 .text.setbuf   0x004037dc       0x10 c:/program files (x86)/atmel/atmel toolchain/arm gcc/native/4.8.1437/arm-gnu-toolchain/bin/../lib/gcc/arm-none-eabi/4.8.4/../../../../arm-none-eabi/lib/armv7e-m\libc.a(lib_a-setbuf.o)
                0x004037dc                setbuf
 .text.setvbuf  0x004037ec      0x100 c:/program files (x86)/atmel/atmel toolchain/arm gcc/native/4.8.1437/arm-gnu-toolchain/bin/../lib/gcc/arm-none-eabi/4.8.4/../../../../arm-none-eabi/lib/armv7e-m\libc.a(lib_a-setvbuf.o)
                0x004037ec                setvbuf
 .text.sscanf   0x004038ec       0x58 c:/program files (x86)/atmel/atmel toolchain/arm gcc/native/4.8.1437/arm-gnu-toolchain/bin/../lib/gcc/arm-none-eabi/4.8.4/../../../../arm-none-eabi/lib/armv7e-m\libc.a(lib_a-sscanf.o)
                0x004038ec                sscanf
 .text.__sread  0x00403944       0x24 c:/program files (x86)/atmel/atmel toolchain/arm gcc/native/4.8.1437/arm-gnu-toolchain/bin/../lib/gcc/arm-none-eabi/4.8.4/../../../../arm-none-eabi/lib/armv7e-m\libc.a(lib_a-stdio.o)
                0x00403944                __sread
 .text.__seofread
                0x00403968        0x4 c:/program files (x86)/atmel/atmel toolchain/arm gcc/native/4.8.1437/arm-gnu-toolchain/bin/../lib/gcc/arm-none-eabi/4.8.4/../../../../arm-none-eabi/lib/armv7e-m\libc.a(lib_a-stdio.o)
                0x00403968                __seofread
 .text.__swrite
                0x0040396c       0x38 c:/program files (x86)/atmel/atmel toolchain/arm gcc/native/4.8.1437/arm-gnu-toolchain/bin/../lib/gcc/arm-none-eabi/4.8.4/../../../../arm-none-eabi/lib/armv7e-m\libc.a(lib_a-stdio.o)
                0x0040396c                __swrite
 .text.__sseek  0x004039a4       0x20 c:/program files (x86)/atmel/atmel toolchain/arm gcc/native/4.8.1437/arm-gnu-toolchain/bin/../lib/gcc/arm-none-eabi/4.8.4/../../../../arm-none-eabi/lib/armv7e-m\libc.a(lib_a-stdio.o)
                0x004039a4                __sseek
 .text.__sclose
                0x004039c4        0x8 c:/program files (x86)/atmel/atmel toolchain/arm gcc/native/4.8.1437/arm-gnu-toolchain/bin/../lib/gcc/arm-none-eabi/4.8.4/../../../../arm-none-eabi/lib/armv7e-m\libc.a(lib_a-stdio.o)
                0x004039c4                __sclose
 .text          0x004039cc      0x21c c:/program files (x86)/atmel/atmel toolchain/arm gcc/native/4.8.1437/arm-gnu-toolchain/bin/../lib/gcc/arm-none-eabi/4.8.4/../../../../arm-none-eabi/lib/armv7e-m\libc.a(lib_a-strcmp.o)
                0x004039cc                strcmp
 .text.strlen   0x00403be8       0x60 c:/program files (x86)/atmel/atmel toolchain/arm gcc/native/4.8.1437/arm-gnu-toolchain/bin/../lib/gcc/arm-none-eabi/4.8.4/../../../../arm-none-eabi/lib/armv7e-m\libc.a(lib_a-strlen.o)
                0x00403be8                strlen
 .text.strncmp  0x00403c48       0xb4 c:/program files (x86)/atmel/atmel toolchain/arm gcc/native/4.8.1437/arm-gnu-toolchain/bin/../lib/gcc/arm-none-eabi/4.8.4/../../../../arm-none-eabi/lib/armv7e-m\libc.a(lib_a-strncmp.o)
                0x00403c48                strncmp
 .text.__ssvfscanf_r
                0x00403cfc      0xe7c c:/program files (x86)/atmel/atmel toolchain/arm gcc/native/4.8.1437/arm-gnu-toolchain/bin/../lib/gcc/arm-none-eabi/4.8.4/../../../../arm-none-eabi/lib/armv7e-m\libc.a(lib_a-svfscanf.o)
                0x00403cfc                __ssvfscanf_r
 .text.__sprint_r.part.0
                0x00404b78       0x78 c:/program files (x86)/atmel/atmel toolchain/arm gcc/native/4.8.1437/arm-gnu-toolchain/bin/../lib/gcc/arm-none-eabi/4.8.4/../../../../arm-none-eabi/lib/armv7e-m\libc.a(lib_a-vfiprintf.o)
 .text._vfiprintf_r
                0x00404bf0      0xc54 c:/program files (x86)/atmel/atmel toolchain/arm gcc/native/4.8.1437/arm-gnu-toolchain/bin/../lib/gcc/arm-none-eabi/4.8.4/../../../../arm-none-eabi/lib/armv7e-m\libc.a(lib_a-vfiprintf.o)
                0x00404bf0                _vfiprintf_r
 .text.__sbprintf
                0x00405844       0x78 c:/program files (x86)/atmel/atmel toolchain/arm gcc/native/4.8.1437/arm-gnu-toolchain/bin/../lib/gcc/arm-none-eabi/4.8.4/../../../../arm-none-eabi/lib/armv7e-m\libc.a(lib_a-vfiprintf.o)
 .text._write_r
                0x004058bc       0x28 c:/program files (x86)/atmel/atmel toolchain/arm gcc/native/4.8.1437/arm-gnu-toolchain/bin/../lib/gcc/arm-none-eabi/4.8.4/../../../../arm-none-eabi/lib/armv7e-m\libc.a(lib_a-writer.o)
                0x004058bc                _write_r
 .text.__swsetup_r
                0x004058e4       0xc4 c:/program files (x86)/atmel/atmel toolchain/arm gcc/native/4.8.1437/arm-gnu-toolchain/bin/../lib/gcc/arm-none-eabi/4.8.4/../../../../arm-none-eabi/lib/armv7e-m\libc.a(lib_a-wsetup.o)
                0x004058e4                __swsetup_r
 .text.startup.register_fini
                0x004059a8       0x14 c:/program files (x86)/atmel/atmel toolchain/arm gcc/native/4.8.1437/arm-gnu-toolchain/bin/../lib/gcc/arm-none-eabi/4.8.4/../../../../arm-none-eabi/lib/armv7e-m\libc.a(lib_a-__call_atexit.o)
 .text.atexit   0x004059bc        0xc c:/program files (x86)/atmel/atmel toolchain/arm gcc/native/4.8.1437/arm-gnu-toolchain/bin/../lib/gcc/arm-none-eabi/4.8.4/../../../../arm-none-eabi/lib/armv7e-m\libc.a(lib_a-atexit.o)
                0x004059bc                atexit
 .text._close_r
                0x004059c8       0x24 c:/program files (x86)/atmel/atmel toolchain/arm gcc/native/4.8.1437/arm-gnu-toolchain/bin/../lib/gcc/arm-none-eabi/4.8.4/../../../../arm-none-eabi/lib/armv7e-m\libc.a(lib_a-closer.o)
                0x004059c8                _close_r
 .text.__sflush_r
                0x004059ec      0x154 c:/program files (x86)/atmel/atmel toolchain/arm gcc/native/4.8.1437/arm-gnu-toolchain/bin/../lib/gcc/arm-none-eabi/4.8.4/../../../../arm-none-eabi/lib/armv7e-m\libc.a(lib_a-fflush.o)
                0x004059ec                __sflush_r
 .text._fflush_r
                0x00405b40       0x2c c:/program files (x86)/atmel/atmel toolchain/arm gcc/native/4.8.1437/arm-gnu-toolchain/bin/../lib/gcc/arm-none-eabi/4.8.4/../../../../arm-none-eabi/lib/armv7e-m\libc.a(lib_a-fflush.o)
                0x00405b40                _fflush_r
 .text._cleanup_r
                0x00405b6c        0xc c:/program files (x86)/atmel/atmel toolchain/arm gcc/native/4.8.1437/arm-gnu-toolchain/bin/../lib/gcc/arm-none-eabi/4.8.4/../../../../arm-none-eabi/lib/armv7e-m\libc.a(lib_a-findfp.o)
                0x00405b6c                _cleanup_r
 .text.__sinit  0x00405b78       0xf4 c:/program files (x86)/atmel/atmel toolchain/arm gcc/native/4.8.1437/arm-gnu-toolchain/bin/../lib/gcc/arm-none-eabi/4.8.4/../../../../arm-none-eabi/lib/armv7e-m\libc.a(lib_a-findfp.o)
                0x00405b78                __sinit
 .text.__sfp_lock_acquire
                0x00405c6c        0x4 c:/program files (x86)/atmel/atmel toolchain/arm gcc/native/4.8.1437/arm-gnu-toolchain/bin/../lib/gcc/arm-none-eabi/4.8.4/../../../../arm-none-eabi/lib/armv7e-m\libc.a(lib_a-findfp.o)
                0x00405c6c                __sfp_lock_acquire
 .text.__sfp_lock_release
                0x00405c70        0x4 c:/program files (x86)/atmel/atmel toolchain/arm gcc/native/4.8.1437/arm-gnu-toolchain/bin/../lib/gcc/arm-none-eabi/4.8.4/../../../../arm-none-eabi/lib/armv7e-m\libc.a(lib_a-findfp.o)
                0x00405c70                __sfp_lock_release
 .text.__libc_fini_array
                0x00405c74       0x30 c:/program files (x86)/atmel/atmel toolchain/arm gcc/native/4.8.1437/arm-gnu-toolchain/bin/../lib/gcc/arm-none-eabi/4.8.4/../../../../arm-none-eabi/lib/armv7e-m\libc.a(lib_a-fini.o)
                0x00405c74                __libc_fini_array
 .text._fputwc_r
                0x00405ca4       0xbc c:/program files (x86)/atmel/atmel toolchain/arm gcc/native/4.8.1437/arm-gnu-toolchain/bin/../lib/gcc/arm-none-eabi/4.8.4/../../../../arm-none-eabi/lib/armv7e-m\libc.a(lib_a-fputwc.o)
                0x00405ca4                _fputwc_r
 .text._malloc_trim_r
                0x00405d60       0x9c c:/program files (x86)/atmel/atmel toolchain/arm gcc/native/4.8.1437/arm-gnu-toolchain/bin/../lib/gcc/arm-none-eabi/4.8.4/../../../../arm-none-eabi/lib/armv7e-m\libc.a(lib_a-freer.o)
                0x00405d60                _malloc_trim_r
 .text._free_r  0x00405dfc      0x19c c:/program files (x86)/atmel/atmel toolchain/arm gcc/native/4.8.1437/arm-gnu-toolchain/bin/../lib/gcc/arm-none-eabi/4.8.4/../../../../arm-none-eabi/lib/armv7e-m\libc.a(lib_a-freer.o)
                0x00405dfc                _free_r
 .text.__sfvwrite_r
                0x00405f98      0x318 c:/program files (x86)/atmel/atmel toolchain/arm gcc/native/4.8.1437/arm-gnu-toolchain/bin/../lib/gcc/arm-none-eabi/4.8.4/../../../../arm-none-eabi/lib/armv7e-m\libc.a(lib_a-fvwrite.o)
                0x00405f98                __sfvwrite_r
 .text._fwalk   0x004062b0       0x4c c:/program files (x86)/atmel/atmel toolchain/arm gcc/native/4.8.1437/arm-gnu-toolchain/bin/../lib/gcc/arm-none-eabi/4.8.4/../../../../arm-none-eabi/lib/armv7e-m\libc.a(lib_a-fwalk.o)
                0x004062b0                _fwalk
 .text.iswspace
                0x004062fc       0x1c c:/program files (x86)/atmel/atmel toolchain/arm gcc/native/4.8.1437/arm-gnu-toolchain/bin/../lib/gcc/arm-none-eabi/4.8.4/../../../../arm-none-eabi/lib/armv7e-m\libc.a(lib_a-iswspace.o)
                0x004062fc                iswspace
 .text.__locale_charset
                0x00406318        0x8 c:/program files (x86)/atmel/atmel toolchain/arm gcc/native/4.8.1437/arm-gnu-toolchain/bin/../lib/gcc/arm-none-eabi/4.8.4/../../../../arm-none-eabi/lib/armv7e-m\libc.a(lib_a-locale.o)
                0x00406318                __locale_charset
 .text.__locale_mb_cur_max
                0x00406320        0xc c:/program files (x86)/atmel/atmel toolchain/arm gcc/native/4.8.1437/arm-gnu-toolchain/bin/../lib/gcc/arm-none-eabi/4.8.4/../../../../arm-none-eabi/lib/armv7e-m\libc.a(lib_a-locale.o)
                0x00406320                __locale_mb_cur_max
 .text._localeconv_r
                0x0040632c        0x8 c:/program files (x86)/atmel/atmel toolchain/arm gcc/native/4.8.1437/arm-gnu-toolchain/bin/../lib/gcc/arm-none-eabi/4.8.4/../../../../arm-none-eabi/lib/armv7e-m\libc.a(lib_a-locale.o)
                0x0040632c                _localeconv_r
 .text._lseek_r
                0x00406334       0x28 c:/program files (x86)/atmel/atmel toolchain/arm gcc/native/4.8.1437/arm-gnu-toolchain/bin/../lib/gcc/arm-none-eabi/4.8.4/../../../../arm-none-eabi/lib/armv7e-m\libc.a(lib_a-lseekr.o)
                0x00406334                _lseek_r
 .text.__smakebuf_r
                0x0040635c       0xe0 c:/program files (x86)/atmel/atmel toolchain/arm gcc/native/4.8.1437/arm-gnu-toolchain/bin/../lib/gcc/arm-none-eabi/4.8.4/../../../../arm-none-eabi/lib/armv7e-m\libc.a(lib_a-makebuf.o)
                0x0040635c                __smakebuf_r
 .text.malloc   0x0040643c       0x10 c:/program files (x86)/atmel/atmel toolchain/arm gcc/native/4.8.1437/arm-gnu-toolchain/bin/../lib/gcc/arm-none-eabi/4.8.4/../../../../arm-none-eabi/lib/armv7e-m\libc.a(lib_a-malloc.o)
                0x0040643c                malloc
 .text._malloc_r
                0x0040644c      0x538 c:/program files (x86)/atmel/atmel toolchain/arm gcc/native/4.8.1437/arm-gnu-toolchain/bin/../lib/gcc/arm-none-eabi/4.8.4/../../../../arm-none-eabi/lib/armv7e-m\libc.a(lib_a-mallocr.o)
                0x0040644c                _malloc_r
 .text._mbrtowc_r
                0x00406984       0x5c c:/program files (x86)/atmel/atmel toolchain/arm gcc/native/4.8.1437/arm-gnu-toolchain/bin/../lib/gcc/arm-none-eabi/4.8.4/../../../../arm-none-eabi/lib/armv7e-m\libc.a(lib_a-mbrtowc.o)
                0x00406984                _mbrtowc_r
 .text.__ascii_mbtowc
                0x004069e0       0x2c c:/program files (x86)/atmel/atmel toolchain/arm gcc/native/4.8.1437/arm-gnu-toolchain/bin/../lib/gcc/arm-none-eabi/4.8.4/../../../../arm-none-eabi/lib/armv7e-m\libc.a(lib_a-mbtowc_r.o)
                0x004069e0                __ascii_mbtowc
 .text.memchr   0x00406a0c       0x90 c:/program files (x86)/atmel/atmel toolchain/arm gcc/native/4.8.1437/arm-gnu-toolchain/bin/../lib/gcc/arm-none-eabi/4.8.4/../../../../arm-none-eabi/lib/armv7e-m\libc.a(lib_a-memchr-stub.o)
                0x00406a0c                memchr
 .text.memmove  0x00406a9c       0xc0 c:/program files (x86)/atmel/atmel toolchain/arm gcc/native/4.8.1437/arm-gnu-toolchain/bin/../lib/gcc/arm-none-eabi/4.8.4/../../../../arm-none-eabi/lib/armv7e-m\libc.a(lib_a-memmove.o)
                0x00406a9c                memmove
 .text.__malloc_lock
                0x00406b5c        0x4 c:/program files (x86)/atmel/atmel toolchain/arm gcc/native/4.8.1437/arm-gnu-toolchain/bin/../lib/gcc/arm-none-eabi/4.8.4/../../../../arm-none-eabi/lib/armv7e-m\libc.a(lib_a-mlock.o)
                0x00406b5c                __malloc_lock
 .text.__malloc_unlock
                0x00406b60        0x4 c:/program files (x86)/atmel/atmel toolchain/arm gcc/native/4.8.1437/arm-gnu-toolchain/bin/../lib/gcc/arm-none-eabi/4.8.4/../../../../arm-none-eabi/lib/armv7e-m\libc.a(lib_a-mlock.o)
                0x00406b60                __malloc_unlock
 .text._read_r  0x00406b64       0x28 c:/program files (x86)/atmel/atmel toolchain/arm gcc/native/4.8.1437/arm-gnu-toolchain/bin/../lib/gcc/arm-none-eabi/4.8.4/../../../../arm-none-eabi/lib/armv7e-m\libc.a(lib_a-readr.o)
                0x00406b64                _read_r
 .text._realloc_r
                0x00406b8c      0x3cc c:/program files (x86)/atmel/atmel toolchain/arm gcc/native/4.8.1437/arm-gnu-toolchain/bin/../lib/gcc/arm-none-eabi/4.8.4/../../../../arm-none-eabi/lib/armv7e-m\libc.a(lib_a-reallocr.o)
                0x00406b8c                _realloc_r
 .text.__fpclassifyd
                0x00406f58       0x50 c:/program files (x86)/atmel/atmel toolchain/arm gcc/native/4.8.1437/arm-gnu-toolchain/bin/../lib/gcc/arm-none-eabi/4.8.4/../../../../arm-none-eabi/lib/armv7e-m\libc.a(lib_a-s_fpclassify.o)
                0x00406f58                __fpclassifyd
 .text._sbrk_r  0x00406fa8       0x24 c:/program files (x86)/atmel/atmel toolchain/arm gcc/native/4.8.1437/arm-gnu-toolchain/bin/../lib/gcc/arm-none-eabi/4.8.4/../../../../arm-none-eabi/lib/armv7e-m\libc.a(lib_a-sbrkr.o)
                0x00406fa8                _sbrk_r
 .text.__sccl   0x00406fcc       0x70 c:/program files (x86)/atmel/atmel toolchain/arm gcc/native/4.8.1437/arm-gnu-toolchain/bin/../lib/gcc/arm-none-eabi/4.8.4/../../../../arm-none-eabi/lib/armv7e-m\libc.a(lib_a-sccl.o)
                0x00406fcc                __sccl
 .text.nanf     0x0040703c        0x8 c:/program files (x86)/atmel/atmel toolchain/arm gcc/native/4.8.1437/arm-gnu-toolchain/bin/../lib/gcc/arm-none-eabi/4.8.4/../../../../arm-none-eabi/lib/armv7e-m\libc.a(lib_a-sf_nan.o)
                0x0040703c                nanf
 .text.sprintf  0x00407044       0x4c c:/program files (x86)/atmel/atmel toolchain/arm gcc/native/4.8.1437/arm-gnu-toolchain/bin/../lib/gcc/arm-none-eabi/4.8.4/../../../../arm-none-eabi/lib/armv7e-m\libc.a(lib_a-sprintf.o)
                0x00407044                sprintf
 .text.sulp     0x00407090       0x40 c:/program files (x86)/atmel/atmel toolchain/arm gcc/native/4.8.1437/arm-gnu-toolchain/bin/../lib/gcc/arm-none-eabi/4.8.4/../../../../arm-none-eabi/lib/armv7e-m\libc.a(lib_a-strtod.o)
 .text._strtod_r
                0x004070d0      0xf40 c:/program files (x86)/atmel/atmel toolchain/arm gcc/native/4.8.1437/arm-gnu-toolchain/bin/../lib/gcc/arm-none-eabi/4.8.4/../../../../arm-none-eabi/lib/armv7e-m\libc.a(lib_a-strtod.o)
                0x004070d0                _strtod_r
 .text._strtol_r
                0x00408010      0x114 c:/program files (x86)/atmel/atmel toolchain/arm gcc/native/4.8.1437/arm-gnu-toolchain/bin/../lib/gcc/arm-none-eabi/4.8.4/../../../../arm-none-eabi/lib/armv7e-m\libc.a(lib_a-strtol.o)
                0x00408010                _strtol_r
 .text._strtoll_r
                0x00408124      0x19c c:/program files (x86)/atmel/atmel toolchain/arm gcc/native/4.8.1437/arm-gnu-toolchain/bin/../lib/gcc/arm-none-eabi/4.8.4/../../../../arm-none-eabi/lib/armv7e-m\libc.a(lib_a-strtoll_r.o)
                0x00408124                _strtoll_r
 .text._strtoul_r
                0x004082c0      0x120 c:/program files (x86)/atmel/atmel toolchain/arm gcc/native/4.8.1437/arm-gnu-toolchain/bin/../lib/gcc/arm-none-eabi/4.8.4/../../../../arm-none-eabi/lib/armv7e-m\libc.a(lib_a-strtoul.o)
                0x004082c0                _strtoul_r
 .text._strtoull_r
                0x004083e0      0x190 c:/program files (x86)/atmel/atmel toolchain/arm gcc/native/4.8.1437/arm-gnu-toolchain/bin/../lib/gcc/arm-none-eabi/4.8.4/../../../../arm-none-eabi/lib/armv7e-m\libc.a(lib_a-strtoull_r.o)
                0x004083e0                _strtoull_r
 .text._sungetc_r
                0x00408570       0x80 c:/program files (x86)/atmel/atmel toolchain/arm gcc/native/4.8.1437/arm-gnu-toolchain/bin/../lib/gcc/arm-none-eabi/4.8.4/../../../../arm-none-eabi/lib/armv7e-m\libc.a(lib_a-svfiscanf.o)
                0x00408570                _sungetc_r
 .text.__ssrefill_r
                0x004085f0       0x3c c:/program files (x86)/atmel/atmel toolchain/arm gcc/native/4.8.1437/arm-gnu-toolchain/bin/../lib/gcc/arm-none-eabi/4.8.4/../../../../arm-none-eabi/lib/armv7e-m\libc.a(lib_a-svfiscanf.o)
                0x004085f0                __ssrefill_r
 .text._sfread_r
                0x0040862c       0x80 c:/program files (x86)/atmel/atmel toolchain/arm gcc/native/4.8.1437/arm-gnu-toolchain/bin/../lib/gcc/arm-none-eabi/4.8.4/../../../../arm-none-eabi/lib/armv7e-m\libc.a(lib_a-svfiscanf.o)
                0x0040862c                _sfread_r
 .text._svfprintf_r
                0x004086ac     0x14f8 c:/program files (x86)/atmel/atmel toolchain/arm gcc/native/4.8.1437/arm-gnu-toolchain/bin/../lib/gcc/arm-none-eabi/4.8.4/../../../../arm-none-eabi/lib/armv7e-m\libc.a(lib_a-svfprintf.o)
                0x004086ac                _svfprintf_r
 .text.__submore
                0x00409ba4       0x78 c:/program files (x86)/atmel/atmel toolchain/arm gcc/native/4.8.1437/arm-gnu-toolchain/bin/../lib/gcc/arm-none-eabi/4.8.4/../../../../arm-none-eabi/lib/armv7e-m\libc.a(lib_a-ungetc.o)
                0x00409ba4                __submore
 .text.__swbuf_r
                0x00409c1c       0xa8 c:/program files (x86)/atmel/atmel toolchain/arm gcc/native/4.8.1437/arm-gnu-toolchain/bin/../lib/gcc/arm-none-eabi/4.8.4/../../../../arm-none-eabi/lib/armv7e-m\libc.a(lib_a-wbuf.o)
                0x00409c1c                __swbuf_r
 .text._wcrtomb_r
                0x00409cc4       0x50 c:/program files (x86)/atmel/atmel toolchain/arm gcc/native/4.8.1437/arm-gnu-toolchain/bin/../lib/gcc/arm-none-eabi/4.8.4/../../../../arm-none-eabi/lib/armv7e-m\libc.a(lib_a-wcrtomb.o)
                0x00409cc4                _wcrtomb_r
 .text.__ascii_wctomb
                0x00409d14       0x1c c:/program files (x86)/atmel/atmel toolchain/arm gcc/native/4.8.1437/arm-gnu-toolchain/bin/../lib/gcc/arm-none-eabi/4.8.4/../../../../arm-none-eabi/lib/armv7e-m\libc.a(lib_a-wctomb_r.o)
                0x00409d14                __ascii_wctomb
 .text.__register_exitproc
                0x00409d30       0xa8 c:/program files (x86)/atmel/atmel toolchain/arm gcc/native/4.8.1437/arm-gnu-toolchain/bin/../lib/gcc/arm-none-eabi/4.8.4/../../../../arm-none-eabi/lib/armv7e-m\libc.a(lib_a-__atexit.o)
                0x00409d30                __register_exitproc
 .text.quorem   0x00409dd8      0x130 c:/program files (x86)/atmel/atmel toolchain/arm gcc/native/4.8.1437/arm-gnu-toolchain/bin/../lib/gcc/arm-none-eabi/4.8.4/../../../../arm-none-eabi/lib/armv7e-m\libc.a(lib_a-dtoa.o)
 .text._dtoa_r  0x00409f08      0xe38 c:/program files (x86)/atmel/atmel toolchain/arm gcc/native/4.8.1437/arm-gnu-toolchain/bin/../lib/gcc/arm-none-eabi/4.8.4/../../../../arm-none-eabi/lib/armv7e-m\libc.a(lib_a-dtoa.o)
                0x00409f08                _dtoa_r
 .text._fclose_r
                0x0040ad40       0x80 c:/program files (x86)/atmel/atmel toolchain/arm gcc/native/4.8.1437/arm-gnu-toolchain/bin/../lib/gcc/arm-none-eabi/4.8.4/../../../../arm-none-eabi/lib/armv7e-m\libc.a(lib_a-fclose.o)
                0x0040ad40                _fclose_r
 .text.fclose   0x0040adc0       0x10 c:/program files (x86)/atmel/atmel toolchain/arm gcc/native/4.8.1437/arm-gnu-toolchain/bin/../lib/gcc/arm-none-eabi/4.8.4/../../../../arm-none-eabi/lib/armv7e-m\libc.a(lib_a-fclose.o)
                0x0040adc0                fclose
 .text._fstat_r
                0x0040add0       0x28 c:/program files (x86)/atmel/atmel toolchain/arm gcc/native/4.8.1437/arm-gnu-toolchain/bin/../lib/gcc/arm-none-eabi/4.8.4/../../../../arm-none-eabi/lib/armv7e-m\libc.a(lib_a-fstatr.o)
                0x0040add0                _fstat_r
 .text.rshift   0x0040adf8       0xa0 c:/program files (x86)/atmel/atmel toolchain/arm gcc/native/4.8.1437/arm-gnu-toolchain/bin/../lib/gcc/arm-none-eabi/4.8.4/../../../../arm-none-eabi/lib/armv7e-m\libc.a(lib_a-gdtoa-gethex.o)
 .text.__gethex
                0x0040ae98      0x530 c:/program files (x86)/atmel/atmel toolchain/arm gcc/native/4.8.1437/arm-gnu-toolchain/bin/../lib/gcc/arm-none-eabi/4.8.4/../../../../arm-none-eabi/lib/armv7e-m\libc.a(lib_a-gdtoa-gethex.o)
                0x0040ae98                __gethex
 .text.__hexnan
                0x0040b3c8      0x194 c:/program files (x86)/atmel/atmel toolchain/arm gcc/native/4.8.1437/arm-gnu-toolchain/bin/../lib/gcc/arm-none-eabi/4.8.4/../../../../arm-none-eabi/lib/armv7e-m\libc.a(lib_a-gdtoa-hexnan.o)
                0x0040b3c8                __hexnan
 .text._isatty_r
                0x0040b55c       0x24 c:/program files (x86)/atmel/atmel toolchain/arm gcc/native/4.8.1437/arm-gnu-toolchain/bin/../lib/gcc/arm-none-eabi/4.8.4/../../../../arm-none-eabi/lib/armv7e-m\libc.a(lib_a-isattyr.o)
                0x0040b55c                _isatty_r
 .text._Balloc  0x0040b580       0x4c c:/program files (x86)/atmel/atmel toolchain/arm gcc/native/4.8.1437/arm-gnu-toolchain/bin/../lib/gcc/arm-none-eabi/4.8.4/../../../../arm-none-eabi/lib/armv7e-m\libc.a(lib_a-mprec.o)
                0x0040b580                _Balloc
 .text._Bfree   0x0040b5cc       0x14 c:/program files (x86)/atmel/atmel toolchain/arm gcc/native/4.8.1437/arm-gnu-toolchain/bin/../lib/gcc/arm-none-eabi/4.8.4/../../../../arm-none-eabi/lib/armv7e-m\libc.a(lib_a-mprec.o)
                0x0040b5cc                _Bfree
 .text.__multadd
                0x0040b5e0       0x98 c:/program files (x86)/atmel/atmel toolchain/arm gcc/native/4.8.1437/arm-gnu-toolchain/bin/../lib/gcc/arm-none-eabi/4.8.4/../../../../arm-none-eabi/lib/armv7e-m\libc.a(lib_a-mprec.o)
                0x0040b5e0                __multadd
 .text.__s2b    0x0040b678       0x98 c:/program files (x86)/atmel/atmel toolchain/arm gcc/native/4.8.1437/arm-gnu-toolchain/bin/../lib/gcc/arm-none-eabi/4.8.4/../../../../arm-none-eabi/lib/armv7e-m\libc.a(lib_a-mprec.o)
                0x0040b678                __s2b
 .text.__hi0bits
                0x0040b710       0x40 c:/program files (x86)/atmel/atmel toolchain/arm gcc/native/4.8.1437/arm-gnu-toolchain/bin/../lib/gcc/arm-none-eabi/4.8.4/../../../../arm-none-eabi/lib/armv7e-m\libc.a(lib_a-mprec.o)
                0x0040b710                __hi0bits
 .text.__lo0bits
                0x0040b750       0x5c c:/program files (x86)/atmel/atmel toolchain/arm gcc/native/4.8.1437/arm-gnu-toolchain/bin/../lib/gcc/arm-none-eabi/4.8.4/../../../../arm-none-eabi/lib/armv7e-m\libc.a(lib_a-mprec.o)
                0x0040b750                __lo0bits
 .text.__i2b    0x0040b7ac       0x14 c:/program files (x86)/atmel/atmel toolchain/arm gcc/native/4.8.1437/arm-gnu-toolchain/bin/../lib/gcc/arm-none-eabi/4.8.4/../../../../arm-none-eabi/lib/armv7e-m\libc.a(lib_a-mprec.o)
                0x0040b7ac                __i2b
 .text.__multiply
                0x0040b7c0      0x13c c:/program files (x86)/atmel/atmel toolchain/arm gcc/native/4.8.1437/arm-gnu-toolchain/bin/../lib/gcc/arm-none-eabi/4.8.4/../../../../arm-none-eabi/lib/armv7e-m\libc.a(lib_a-mprec.o)
                0x0040b7c0                __multiply
 .text.__pow5mult
                0x0040b8fc       0x9c c:/program files (x86)/atmel/atmel toolchain/arm gcc/native/4.8.1437/arm-gnu-toolchain/bin/../lib/gcc/arm-none-eabi/4.8.4/../../../../arm-none-eabi/lib/armv7e-m\libc.a(lib_a-mprec.o)
                0x0040b8fc                __pow5mult
 .text.__lshift
                0x0040b998       0xbc c:/program files (x86)/atmel/atmel toolchain/arm gcc/native/4.8.1437/arm-gnu-toolchain/bin/../lib/gcc/arm-none-eabi/4.8.4/../../../../arm-none-eabi/lib/armv7e-m\libc.a(lib_a-mprec.o)
                0x0040b998                __lshift
 .text.__mcmp   0x0040ba54       0x48 c:/program files (x86)/atmel/atmel toolchain/arm gcc/native/4.8.1437/arm-gnu-toolchain/bin/../lib/gcc/arm-none-eabi/4.8.4/../../../../arm-none-eabi/lib/armv7e-m\libc.a(lib_a-mprec.o)
                0x0040ba54                __mcmp
 .text.__mdiff  0x0040ba9c       0xd4 c:/program files (x86)/atmel/atmel toolchain/arm gcc/native/4.8.1437/arm-gnu-toolchain/bin/../lib/gcc/arm-none-eabi/4.8.4/../../../../arm-none-eabi/lib/armv7e-m\libc.a(lib_a-mprec.o)
                0x0040ba9c                __mdiff
 .text.__ulp    0x0040bb70       0x40 c:/program files (x86)/atmel/atmel toolchain/arm gcc/native/4.8.1437/arm-gnu-toolchain/bin/../lib/gcc/arm-none-eabi/4.8.4/../../../../arm-none-eabi/lib/armv7e-m\libc.a(lib_a-mprec.o)
                0x0040bb70                __ulp
 .text.__b2d    0x0040bbb0       0xb4 c:/program files (x86)/atmel/atmel toolchain/arm gcc/native/4.8.1437/arm-gnu-toolchain/bin/../lib/gcc/arm-none-eabi/4.8.4/../../../../arm-none-eabi/lib/armv7e-m\libc.a(lib_a-mprec.o)
                0x0040bbb0                __b2d
 .text.__d2b    0x0040bc64       0xbc c:/program files (x86)/atmel/atmel toolchain/arm gcc/native/4.8.1437/arm-gnu-toolchain/bin/../lib/gcc/arm-none-eabi/4.8.4/../../../../arm-none-eabi/lib/armv7e-m\libc.a(lib_a-mprec.o)
                0x0040bc64                __d2b
 .text.__ratio  0x0040bd20       0x50 c:/program files (x86)/atmel/atmel toolchain/arm gcc/native/4.8.1437/arm-gnu-toolchain/bin/../lib/gcc/arm-none-eabi/4.8.4/../../../../arm-none-eabi/lib/armv7e-m\libc.a(lib_a-mprec.o)
                0x0040bd20                __ratio
 .text.__copybits
                0x0040bd70       0x48 c:/program files (x86)/atmel/atmel toolchain/arm gcc/native/4.8.1437/arm-gnu-toolchain/bin/../lib/gcc/arm-none-eabi/4.8.4/../../../../arm-none-eabi/lib/armv7e-m\libc.a(lib_a-mprec.o)
                0x0040bd70                __copybits
 .text.__any_on
                0x0040bdb8       0x60 c:/program files (x86)/atmel/atmel toolchain/arm gcc/native/4.8.1437/arm-gnu-toolchain/bin/../lib/gcc/arm-none-eabi/4.8.4/../../../../arm-none-eabi/lib/armv7e-m\libc.a(lib_a-mprec.o)
                0x0040bdb8                __any_on
 .text.__ssprint_r
                0x0040be18      0x100 c:/program files (x86)/atmel/atmel toolchain/arm gcc/native/4.8.1437/arm-gnu-toolchain/bin/../lib/gcc/arm-none-eabi/4.8.4/../../../../arm-none-eabi/lib/armv7e-m\libc.a(lib_a-svfiprintf.o)
                0x0040be18                __ssprint_r
 .text._calloc_r
                0x0040bf18       0x60 c:/program files (x86)/atmel/atmel toolchain/arm gcc/native/4.8.1437/arm-gnu-toolchain/bin/../lib/gcc/arm-none-eabi/4.8.4/../../../../arm-none-eabi/lib/armv7e-m\libc.a(lib_a-callocr.o)
                0x0040bf18                _calloc_r
 .text          0x0040bf78      0x370 c:/program files (x86)/atmel/atmel toolchain/arm gcc/native/4.8.1437/arm-gnu-toolchain/bin/../lib/gcc/arm-none-eabi/4.8.4/armv7e-m\libgcc.a(_arm_addsubdf3.o)
                0x0040bf78                __aeabi_drsub
                0x0040bf80                __aeabi_dsub
                0x0040bf80                __subdf3
                0x0040bf84                __aeabi_dadd
                0x0040bf84                __adddf3
                0x0040c1fc                __floatunsidf
                0x0040c1fc                __aeabi_ui2d
                0x0040c21c                __floatsidf
                0x0040c21c                __aeabi_i2d
                0x0040c240                __aeabi_f2d
                0x0040c240                __extendsfdf2
                0x0040c27c                __floatundidf
                0x0040c27c                __aeabi_ul2d
                0x0040c28c                __floatdidf
                0x0040c28c                __aeabi_l2d
 .text          0x0040c2e8      0x424 c:/program files (x86)/atmel/atmel toolchain/arm gcc/native/4.8.1437/arm-gnu-toolchain/bin/../lib/gcc/arm-none-eabi/4.8.4/armv7e-m\libgcc.a(_arm_muldivdf3.o)
                0x0040c2e8                __aeabi_dmul
                0x0040c2e8                __muldf3
                0x0040c53c                __divdf3
                0x0040c53c                __aeabi_ddiv
 .text          0x0040c70c      0x110 c:/program files (x86)/atmel/atmel toolchain/arm gcc/native/4.8.1437/arm-gnu-toolchain/bin/../lib/gcc/arm-none-eabi/4.8.4/armv7e-m\libgcc.a(_arm_cmpdf2.o)
                0x0040c70c                __gtdf2
                0x0040c70c                __gedf2
                0x0040c714                __ltdf2
                0x0040c714                __ledf2
                0x0040c71c                __nedf2
                0x0040c71c                __eqdf2
                0x0040c71c                __cmpdf2
                0x0040c798                __aeabi_cdrcmple
                0x0040c7a8                __aeabi_cdcmpeq
                0x0040c7a8                __aeabi_cdcmple
                0x0040c7b8                __aeabi_dcmpeq
                0x0040c7cc                __aeabi_dcmplt
                0x0040c7e0                __aeabi_dcmple
                0x0040c7f4                __aeabi_dcmpge
                0x0040c808                __aeabi_dcmpgt
 .text          0x0040c81c       0x50 c:/program files (x86)/atmel/atmel toolchain/arm gcc/native/4.8.1437/arm-gnu-toolchain/bin/../lib/gcc/arm-none-eabi/4.8.4/armv7e-m\libgcc.a(_arm_fixdfsi.o)
                0x0040c81c                __aeabi_d2iz
                0x0040c81c                __fixdfsi
 .text          0x0040c86c       0x40 c:/program files (x86)/atmel/atmel toolchain/arm gcc/native/4.8.1437/arm-gnu-toolchain/bin/../lib/gcc/arm-none-eabi/4.8.4/armv7e-m\libgcc.a(_arm_fixunsdfsi.o)
                0x0040c86c                __aeabi_d2uiz
                0x0040c86c                __fixunsdfsi
 .text          0x0040c8ac       0xa0 c:/program files (x86)/atmel/atmel toolchain/arm gcc/native/4.8.1437/arm-gnu-toolchain/bin/../lib/gcc/arm-none-eabi/4.8.4/armv7e-m\libgcc.a(_arm_truncdfsf2.o)
                0x0040c8ac                __truncdfsf2
                0x0040c8ac                __aeabi_d2f
 .text          0x0040c94c       0x2c c:/program files (x86)/atmel/atmel toolchain/arm gcc/native/4.8.1437/arm-gnu-toolchain/bin/../lib/gcc/arm-none-eabi/4.8.4/armv7e-m\libgcc.a(_aeabi_uldivmod.o)
                0x0040c94c                __aeabi_uldivmod
 .text          0x0040c978       0x60 c:/program files (x86)/atmel/atmel toolchain/arm gcc/native/4.8.1437/arm-gnu-toolchain/bin/../lib/gcc/arm-none-eabi/4.8.4/armv7e-m\libgcc.a(bpabi.o)
                0x0040c978                __gnu_ldivmod_helper
                0x0040c9a8                __gnu_uldivmod_helper
 .text          0x0040c9d8        0x4 c:/program files (x86)/atmel/atmel toolchain/arm gcc/native/4.8.1437/arm-gnu-toolchain/bin/../lib/gcc/arm-none-eabi/4.8.4/armv7e-m\libgcc.a(_dvmd_tls.o)
                0x0040c9d8                __aeabi_idiv0
                0x0040c9d8                __aeabi_ldiv0
 .text          0x0040c9dc      0x298 c:/program files (x86)/atmel/atmel toolchain/arm gcc/native/4.8.1437/arm-gnu-toolchain/bin/../lib/gcc/arm-none-eabi/4.8.4/armv7e-m\libgcc.a(_divdi3.o)
                0x0040c9dc                __divdi3
 .text          0x0040cc74      0x284 c:/program files (x86)/atmel/atmel toolchain/arm gcc/native/4.8.1437/arm-gnu-toolchain/bin/../lib/gcc/arm-none-eabi/4.8.4/armv7e-m\libgcc.a(_udivdi3.o)
                0x0040cc74                __udivdi3
 *(.glue_7t)
 .glue_7t       0x00000000        0x0 linker stubs
 *(.glue_7)
 .glue_7        0x00000000        0x0 linker stubs
 *(.rodata .rodata* .gnu.linkonce.r.*)
 .rodata.str1.4
                0x00000000        0x0 src/ASF/common/services/usb/udc/udc.o
                                  0x4 (size before relaxing)
 .rodata        0x0040cef8        0xc src/main.o
 .rodata.str1.4
                0x0040cf04      0x1c2 src/main.o
                                0x1c8 (size before relaxing)
 *fill*         0x0040d0c6        0x2 
 .rodata.str1.4
                0x0040d0c8        0x2 c:/program files (x86)/atmel/atmel toolchain/arm gcc/native/4.8.1437/arm-gnu-toolchain/bin/../lib/gcc/arm-none-eabi/4.8.4/../../../../arm-none-eabi/lib/armv7e-m\libc.a(lib_a-impure.o)
                                  0x4 (size before relaxing)
 *fill*         0x0040d0ca        0x2 
 .rodata._global_impure_ptr
                0x0040d0cc        0x4 c:/program files (x86)/atmel/atmel toolchain/arm gcc/native/4.8.1437/arm-gnu-toolchain/bin/../lib/gcc/arm-none-eabi/4.8.4/../../../../arm-none-eabi/lib/armv7e-m\libc.a(lib_a-impure.o)
                0x0040d0cc                _global_impure_ptr
 .rodata.basefix.6714
                0x0040d0d0       0x24 c:/program files (x86)/atmel/atmel toolchain/arm gcc/native/4.8.1437/arm-gnu-toolchain/bin/../lib/gcc/arm-none-eabi/4.8.4/../../../../arm-none-eabi/lib/armv7e-m\libc.a(lib_a-svfscanf.o)
 .rodata.str1.4
                0x0040d0f4        0x5 c:/program files (x86)/atmel/atmel toolchain/arm gcc/native/4.8.1437/arm-gnu-toolchain/bin/../lib/gcc/arm-none-eabi/4.8.4/../../../../arm-none-eabi/lib/armv7e-m\libc.a(lib_a-svfscanf.o)
                                  0x8 (size before relaxing)
 *fill*         0x0040d0f9        0x3 
 .rodata.str1.4
                0x0040d0fc       0x2f c:/program files (x86)/atmel/atmel toolchain/arm gcc/native/4.8.1437/arm-gnu-toolchain/bin/../lib/gcc/arm-none-eabi/4.8.4/../../../../arm-none-eabi/lib/armv7e-m\libc.a(lib_a-vfiprintf.o)
                                 0x30 (size before relaxing)
 *fill*         0x0040d12b        0x1 
 .rodata.zeroes.6721
                0x0040d12c       0x10 c:/program files (x86)/atmel/atmel toolchain/arm gcc/native/4.8.1437/arm-gnu-toolchain/bin/../lib/gcc/arm-none-eabi/4.8.4/../../../../arm-none-eabi/lib/armv7e-m\libc.a(lib_a-vfiprintf.o)
 .rodata.blanks.6720
                0x0040d13c       0x10 c:/program files (x86)/atmel/atmel toolchain/arm gcc/native/4.8.1437/arm-gnu-toolchain/bin/../lib/gcc/arm-none-eabi/4.8.4/../../../../arm-none-eabi/lib/armv7e-m\libc.a(lib_a-vfiprintf.o)
 .rodata._ctype_
                0x0040d14c      0x104 c:/program files (x86)/atmel/atmel toolchain/arm gcc/native/4.8.1437/arm-gnu-toolchain/bin/../lib/gcc/arm-none-eabi/4.8.4/../../../../arm-none-eabi/lib/armv7e-m\libc.a(lib_a-ctype_.o)
                0x0040d14c                _ctype_
 .rodata.str1.4
                0x0040d250        0xa c:/program files (x86)/atmel/atmel toolchain/arm gcc/native/4.8.1437/arm-gnu-toolchain/bin/../lib/gcc/arm-none-eabi/4.8.4/../../../../arm-none-eabi/lib/armv7e-m\libc.a(lib_a-locale.o)
                                 0x14 (size before relaxing)
 .rodata.str1.4
                0x00000000        0x4 c:/program files (x86)/atmel/atmel toolchain/arm gcc/native/4.8.1437/arm-gnu-toolchain/bin/../lib/gcc/arm-none-eabi/4.8.4/../../../../arm-none-eabi/lib/armv7e-m\libc.a(lib_a-mbrtowc.o)
 *fill*         0x0040d25a        0x2 
 .rodata.fpi.5238
                0x0040d25c       0x14 c:/program files (x86)/atmel/atmel toolchain/arm gcc/native/4.8.1437/arm-gnu-toolchain/bin/../lib/gcc/arm-none-eabi/4.8.4/../../../../arm-none-eabi/lib/armv7e-m\libc.a(lib_a-strtod.o)
 .rodata.str1.4
                0x0040d270        0xf c:/program files (x86)/atmel/atmel toolchain/arm gcc/native/4.8.1437/arm-gnu-toolchain/bin/../lib/gcc/arm-none-eabi/4.8.4/../../../../arm-none-eabi/lib/armv7e-m\libc.a(lib_a-strtod.o)
                                 0x10 (size before relaxing)
 *fill*         0x0040d27f        0x1 
 .rodata.fpinan.5274
                0x0040d280       0x14 c:/program files (x86)/atmel/atmel toolchain/arm gcc/native/4.8.1437/arm-gnu-toolchain/bin/../lib/gcc/arm-none-eabi/4.8.4/../../../../arm-none-eabi/lib/armv7e-m\libc.a(lib_a-strtod.o)
 *fill*         0x0040d294        0x4 
 .rodata.tinytens
                0x0040d298       0x28 c:/program files (x86)/atmel/atmel toolchain/arm gcc/native/4.8.1437/arm-gnu-toolchain/bin/../lib/gcc/arm-none-eabi/4.8.4/../../../../arm-none-eabi/lib/armv7e-m\libc.a(lib_a-strtod.o)
 .rodata.zeroes.6763
                0x0040d2c0       0x10 c:/program files (x86)/atmel/atmel toolchain/arm gcc/native/4.8.1437/arm-gnu-toolchain/bin/../lib/gcc/arm-none-eabi/4.8.4/../../../../arm-none-eabi/lib/armv7e-m\libc.a(lib_a-svfprintf.o)
 .rodata.str1.4
                0x0040d2d0       0x12 c:/program files (x86)/atmel/atmel toolchain/arm gcc/native/4.8.1437/arm-gnu-toolchain/bin/../lib/gcc/arm-none-eabi/4.8.4/../../../../arm-none-eabi/lib/armv7e-m\libc.a(lib_a-svfprintf.o)
                                 0x44 (size before relaxing)
 *fill*         0x0040d2e2        0x2 
 .rodata.blanks.6762
                0x0040d2e4       0x10 c:/program files (x86)/atmel/atmel toolchain/arm gcc/native/4.8.1437/arm-gnu-toolchain/bin/../lib/gcc/arm-none-eabi/4.8.4/../../../../arm-none-eabi/lib/armv7e-m\libc.a(lib_a-svfprintf.o)
 .rodata.str1.4
                0x0040d2f4       0x10 c:/program files (x86)/atmel/atmel toolchain/arm gcc/native/4.8.1437/arm-gnu-toolchain/bin/../lib/gcc/arm-none-eabi/4.8.4/../../../../arm-none-eabi/lib/armv7e-m\libc.a(lib_a-dtoa.o)
                                 0x14 (size before relaxing)
 .rodata.__hexdig
                0x0040d304      0x100 c:/program files (x86)/atmel/atmel toolchain/arm gcc/native/4.8.1437/arm-gnu-toolchain/bin/../lib/gcc/arm-none-eabi/4.8.4/../../../../arm-none-eabi/lib/armv7e-m\libc.a(lib_a-gdtoa-gethex.o)
                0x0040d304                __hexdig
 *fill*         0x0040d404        0x4 
 .rodata.__mprec_tens
                0x0040d408       0xc8 c:/program files (x86)/atmel/atmel toolchain/arm gcc/native/4.8.1437/arm-gnu-toolchain/bin/../lib/gcc/arm-none-eabi/4.8.4/../../../../arm-none-eabi/lib/armv7e-m\libc.a(lib_a-mprec.o)
                0x0040d408                __mprec_tens
 .rodata.__mprec_bigtens
                0x0040d4d0       0x28 c:/program files (x86)/atmel/atmel toolchain/arm gcc/native/4.8.1437/arm-gnu-toolchain/bin/../lib/gcc/arm-none-eabi/4.8.4/../../../../arm-none-eabi/lib/armv7e-m\libc.a(lib_a-mprec.o)
                0x0040d4d0                __mprec_bigtens
 .rodata.p05.5269
                0x0040d4f8        0xc c:/program files (x86)/atmel/atmel toolchain/arm gcc/native/4.8.1437/arm-gnu-toolchain/bin/../lib/gcc/arm-none-eabi/4.8.4/../../../../arm-none-eabi/lib/armv7e-m\libc.a(lib_a-mprec.o)
 *(.ARM.extab* .gnu.linkonce.armextab.*)
                0x0040d504                . = ALIGN (0x4)
 *(.init)
 .init          0x0040d504        0x4 c:/program files (x86)/atmel/atmel toolchain/arm gcc/native/4.8.1437/arm-gnu-toolchain/bin/../lib/gcc/arm-none-eabi/4.8.4/armv7e-m/crti.o
                0x0040d504                _init
 .init          0x0040d508        0x8 c:/program files (x86)/atmel/atmel toolchain/arm gcc/native/4.8.1437/arm-gnu-toolchain/bin/../lib/gcc/arm-none-eabi/4.8.4/armv7e-m/crtn.o
                0x0040d510                . = ALIGN (0x4)
                0x0040d510                __preinit_array_start = .
 *(.preinit_array)
                0x0040d510                __preinit_array_end = .
                0x0040d510                . = ALIGN (0x4)
                0x0040d510                __init_array_start = .
 *(SORT(.init_array.*))
 .init_array.00000
                0x0040d510        0x4 c:/program files (x86)/atmel/atmel toolchain/arm gcc/native/4.8.1437/arm-gnu-toolchain/bin/../lib/gcc/arm-none-eabi/4.8.4/../../../../arm-none-eabi/lib/armv7e-m\libc.a(lib_a-__call_atexit.o)
 *(.init_array)
 .init_array    0x0040d514        0x4 c:/program files (x86)/atmel/atmel toolchain/arm gcc/native/4.8.1437/arm-gnu-toolchain/bin/../lib/gcc/arm-none-eabi/4.8.4/armv7e-m/crtbegin.o
                0x0040d518                __init_array_end = .
                0x0040d518                . = ALIGN (0x4)
 *crtbegin.o(.ctors)
 *(EXCLUDE_FILE(*crtend.o) .ctors)
 *(SORT(.ctors.*))
 *crtend.o(.ctors)
                0x0040d518                . = ALIGN (0x4)
 *(.fini)
 .fini          0x0040d518        0x4 c:/program files (x86)/atmel/atmel toolchain/arm gcc/native/4.8.1437/arm-gnu-toolchain/bin/../lib/gcc/arm-none-eabi/4.8.4/armv7e-m/crti.o
                0x0040d518                _fini
 .fini          0x0040d51c        0x8 c:/program files (x86)/atmel/atmel toolchain/arm gcc/native/4.8.1437/arm-gnu-toolchain/bin/../lib/gcc/arm-none-eabi/4.8.4/armv7e-m/crtn.o
                0x0040d524                . = ALIGN (0x4)
                0x0040d524                __fini_array_start = .
 *(.fini_array)
 .fini_array    0x0040d524        0x4 c:/program files (x86)/atmel/atmel toolchain/arm gcc/native/4.8.1437/arm-gnu-toolchain/bin/../lib/gcc/arm-none-eabi/4.8.4/armv7e-m/crtbegin.o
 *(SORT(.fini_array.*))
                0x0040d528                __fini_array_end = .
 *crtbegin.o(.dtors)
 *(EXCLUDE_FILE(*crtend.o) .dtors)
 *(SORT(.dtors.*))
 *crtend.o(.dtors)
                0x0040d528                . = ALIGN (0x4)
                0x0040d528                _efixed = .
                0x0040d528                PROVIDE (__exidx_start, .)

.vfp11_veneer   0x0040d528        0x0
 .vfp11_veneer  0x00000000        0x0 linker stubs

.v4_bx          0x0040d528        0x0
 .v4_bx         0x00000000        0x0 linker stubs

.iplt           0x0040d528        0x0
 .iplt          0x00000000        0x0 c:/program files (x86)/atmel/atmel toolchain/arm gcc/native/4.8.1437/arm-gnu-toolchain/bin/../lib/gcc/arm-none-eabi/4.8.4/armv7e-m/crtbegin.o

.ARM.exidx      0x0040d528        0x8
 *(.ARM.exidx* .gnu.linkonce.armexidx.*)
 .ARM.exidx     0x0040d528        0x8 c:/program files (x86)/atmel/atmel toolchain/arm gcc/native/4.8.1437/arm-gnu-toolchain/bin/../lib/gcc/arm-none-eabi/4.8.4/armv7e-m\libgcc.a(_divdi3.o)
 .ARM.exidx     0x0040d530        0x0 c:/program files (x86)/atmel/atmel toolchain/arm gcc/native/4.8.1437/arm-gnu-toolchain/bin/../lib/gcc/arm-none-eabi/4.8.4/armv7e-m\libgcc.a(_udivdi3.o)
                                  0x8 (size before relaxing)
                0x0040d530                PROVIDE (__exidx_end, .)

.eh_frame       0x0040d530        0x0
 .eh_frame      0x0040d530        0x0 c:/program files (x86)/atmel/atmel toolchain/arm gcc/native/4.8.1437/arm-gnu-toolchain/bin/../lib/gcc/arm-none-eabi/4.8.4/armv7e-m/crtbegin.o

.rel.dyn        0x0040d530        0x0
 .rel.iplt      0x00000000        0x0 c:/program files (x86)/atmel/atmel toolchain/arm gcc/native/4.8.1437/arm-gnu-toolchain/bin/../lib/gcc/arm-none-eabi/4.8.4/armv7e-m/crtbegin.o

.jcr            0x0040d530        0x0
 .jcr           0x0040d530        0x0 c:/program files (x86)/atmel/atmel toolchain/arm gcc/native/4.8.1437/arm-gnu-toolchain/bin/../lib/gcc/arm-none-eabi/4.8.4/armv7e-m/crtbegin.o

.igot.plt       0x0040d530        0x0
 .igot.plt      0x00000000        0x0 c:/program files (x86)/atmel/atmel toolchain/arm gcc/native/4.8.1437/arm-gnu-toolchain/bin/../lib/gcc/arm-none-eabi/4.8.4/armv7e-m/crtbegin.o
                0x0040d530                . = ALIGN (0x4)
                0x0040d530                _etext = .

.relocate       0x20000000      0x994 load address 0x0040d530
                0x20000000                . = ALIGN (0x4)
                0x20000000                _srelocate = .
 *(.ramfunc .ramfunc.*)
 *(.data .data.*)
 .data.udi_api_cdc_data
                0x20000000       0x14 src/ASF/common/services/usb/class/cdc/device/udi_cdc.o
                0x20000000                udi_api_cdc_data
 .data.udi_api_cdc_comm
                0x20000014       0x14 src/ASF/common/services/usb/class/cdc/device/udi_cdc.o
                0x20000014                udi_api_cdc_comm
 .data.udc_string_product_name
                0x20000028       0x18 src/ASF/common/services/usb/udc/udc.o
 .data.udc_string_manufacturer_name
                0x20000040        0x4 src/ASF/common/services/usb/udc/udc.o
 .data.udc_string_desc
                0x20000044       0x2c src/ASF/common/services/usb/udc/udc.o
 .data.udc_string_desc_languageid
                0x20000070        0x4 src/ASF/common/services/usb/udc/udc.o
 .data.udc_config
                0x20000074        0xc src/ASF/common/services/usb/class/cdc/device/udi_cdc_desc.o
                0x20000074                udc_config
 .data.udi_apis
                0x20000080        0x8 src/ASF/common/services/usb/class/cdc/device/udi_cdc_desc.o
                0x20000080                udi_apis
 .data.udc_config_fs
                0x20000088        0x8 src/ASF/common/services/usb/class/cdc/device/udi_cdc_desc.o
                0x20000088                udc_config_fs
 .data.udc_device_desc
                0x20000090       0x14 src/ASF/common/services/usb/class/cdc/device/udi_cdc_desc.o
                0x20000090                udc_device_desc
 .data.udc_desc_fs
                0x200000a4       0x44 src/ASF/common/services/usb/class/cdc/device/udi_cdc_desc.o
                0x200000a4                udc_desc_fs
 .data.g_interrupt_enabled
                0x200000e8        0x1 src/ASF/common/utils/interrupt/interrupt_sam_nvic.o
                0x200000e8                g_interrupt_enabled
 *fill*         0x200000e9        0x3 
 .data.SystemCoreClock
                0x200000ec        0x4 src/ASF/sam/utils/cmsis/sam4e/source/templates/system_sam4e.o
                0x200000ec                SystemCoreClock
 .data.impure_data
                0x200000f0      0x428 c:/program files (x86)/atmel/atmel toolchain/arm gcc/native/4.8.1437/arm-gnu-toolchain/bin/../lib/gcc/arm-none-eabi/4.8.4/../../../../arm-none-eabi/lib/armv7e-m\libc.a(lib_a-impure.o)
 .data._impure_ptr
                0x20000518        0x4 c:/program files (x86)/atmel/atmel toolchain/arm gcc/native/4.8.1437/arm-gnu-toolchain/bin/../lib/gcc/arm-none-eabi/4.8.4/../../../../arm-none-eabi/lib/armv7e-m\libc.a(lib_a-impure.o)
                0x20000518                _impure_ptr
 .data.__ctype_ptr__
                0x2000051c        0x4 c:/program files (x86)/atmel/atmel toolchain/arm gcc/native/4.8.1437/arm-gnu-toolchain/bin/../lib/gcc/arm-none-eabi/4.8.4/../../../../arm-none-eabi/lib/armv7e-m\libc.a(lib_a-ctype_.o)
                0x2000051c                __ctype_ptr__
 .data.lconv    0x20000520       0x38 c:/program files (x86)/atmel/atmel toolchain/arm gcc/native/4.8.1437/arm-gnu-toolchain/bin/../lib/gcc/arm-none-eabi/4.8.4/../../../../arm-none-eabi/lib/armv7e-m\libc.a(lib_a-locale.o)
 .data.lc_ctype_charset
                0x20000558       0x20 c:/program files (x86)/atmel/atmel toolchain/arm gcc/native/4.8.1437/arm-gnu-toolchain/bin/../lib/gcc/arm-none-eabi/4.8.4/../../../../arm-none-eabi/lib/armv7e-m\libc.a(lib_a-locale.o)
 .data.__mb_cur_max
                0x20000578        0x4 c:/program files (x86)/atmel/atmel toolchain/arm gcc/native/4.8.1437/arm-gnu-toolchain/bin/../lib/gcc/arm-none-eabi/4.8.4/../../../../arm-none-eabi/lib/armv7e-m\libc.a(lib_a-locale.o)
                0x20000578                __mb_cur_max
 .data.__malloc_av_
                0x2000057c      0x408 c:/program files (x86)/atmel/atmel toolchain/arm gcc/native/4.8.1437/arm-gnu-toolchain/bin/../lib/gcc/arm-none-eabi/4.8.4/../../../../arm-none-eabi/lib/armv7e-m\libc.a(lib_a-mallocr.o)
                0x2000057c                __malloc_av_
 .data.__malloc_trim_threshold
                0x20000984        0x4 c:/program files (x86)/atmel/atmel toolchain/arm gcc/native/4.8.1437/arm-gnu-toolchain/bin/../lib/gcc/arm-none-eabi/4.8.4/../../../../arm-none-eabi/lib/armv7e-m\libc.a(lib_a-mallocr.o)
                0x20000984                __malloc_trim_threshold
 .data.__malloc_sbrk_base
                0x20000988        0x4 c:/program files (x86)/atmel/atmel toolchain/arm gcc/native/4.8.1437/arm-gnu-toolchain/bin/../lib/gcc/arm-none-eabi/4.8.4/../../../../arm-none-eabi/lib/armv7e-m\libc.a(lib_a-mallocr.o)
                0x20000988                __malloc_sbrk_base
 .data.__mbtowc
                0x2000098c        0x4 c:/program files (x86)/atmel/atmel toolchain/arm gcc/native/4.8.1437/arm-gnu-toolchain/bin/../lib/gcc/arm-none-eabi/4.8.4/../../../../arm-none-eabi/lib/armv7e-m\libc.a(lib_a-mbtowc_r.o)
                0x2000098c                __mbtowc
 .data.__wctomb
                0x20000990        0x4 c:/program files (x86)/atmel/atmel toolchain/arm gcc/native/4.8.1437/arm-gnu-toolchain/bin/../lib/gcc/arm-none-eabi/4.8.4/../../../../arm-none-eabi/lib/armv7e-m\libc.a(lib_a-wctomb_r.o)
                0x20000990                __wctomb
                0x20000994                . = ALIGN (0x4)
                0x20000994                _erelocate = .

.bss            0x20000994     0xbe2c load address 0x0040dec4
                0x20000994                . = ALIGN (0x4)
                0x20000994                _sbss = .
                0x20000994                _szero = .
 *(.bss .bss.*)
 .bss           0x20000994       0x1c c:/program files (x86)/atmel/atmel toolchain/arm gcc/native/4.8.1437/arm-gnu-toolchain/bin/../lib/gcc/arm-none-eabi/4.8.4/armv7e-m/crtbegin.o
 .bss.udi_cdc_line_coding
                0x200009b0        0x8 src/ASF/common/services/usb/class/cdc/device/udi_cdc.o
 .bss.udi_cdc_rx_buf
                0x200009b8       0x80 src/ASF/common/services/usb/class/cdc/device/udi_cdc.o
 .bss.udi_cdc_nb_data_enabled
                0x20000a38        0x1 src/ASF/common/services/usb/class/cdc/device/udi_cdc.o
 *fill*         0x20000a39        0x3 
 .bss.udi_cdc_tx_buf_sel
                0x20000a3c        0x4 src/ASF/common/services/usb/class/cdc/device/udi_cdc.o
 .bss.udi_cdc_tx_buf_nb
                0x20000a40        0x4 src/ASF/common/services/usb/class/cdc/device/udi_cdc.o
 .bss.udi_cdc_tx_buf
                0x20000a44       0x80 src/ASF/common/services/usb/class/cdc/device/udi_cdc.o
 .bss.udi_cdc_rx_buf_nb
                0x20000ac4        0x4 src/ASF/common/services/usb/class/cdc/device/udi_cdc.o
 .bss.udi_cdc_nb_comm_enabled
                0x20000ac8        0x1 src/ASF/common/services/usb/class/cdc/device/udi_cdc.o
 *fill*         0x20000ac9        0x3 
 .bss.udi_cdc_rx_pos
                0x20000acc        0x4 src/ASF/common/services/usb/class/cdc/device/udi_cdc.o
 .bss.udi_cdc_tx_sof_num
                0x20000ad0        0x4 src/ASF/common/services/usb/class/cdc/device/udi_cdc.o
 .bss.udi_cdc_data_running
                0x20000ad4        0x1 src/ASF/common/services/usb/class/cdc/device/udi_cdc.o
 *fill*         0x20000ad5        0x3 
 .bss.udi_cdc_rx_buf_sel
                0x20000ad8        0x4 src/ASF/common/services/usb/class/cdc/device/udi_cdc.o
 .bss.udi_cdc_tx_trans_ongoing
                0x20000adc        0x4 src/ASF/common/services/usb/class/cdc/device/udi_cdc.o
 .bss.uid_cdc_state_msg
                0x20000ae0        0xc src/ASF/common/services/usb/class/cdc/device/udi_cdc.o
 .bss.sof_zlp_counter.8051
                0x20000aec        0x2 src/ASF/common/services/usb/class/cdc/device/udi_cdc.o
 *fill*         0x20000aee        0x2 
 .bss.udi_cdc_rx_trans_ongoing
                0x20000af0        0x4 src/ASF/common/services/usb/class/cdc/device/udi_cdc.o
 .bss.udi_cdc_tx_both_buf_to_send
                0x20000af4        0x4 src/ASF/common/services/usb/class/cdc/device/udi_cdc.o
 .bss.udi_cdc_state
                0x20000af8        0x4 src/ASF/common/services/usb/class/cdc/device/udi_cdc.o
 .bss.udc_ptr_conf
                0x20000afc        0x4 src/ASF/common/services/usb/udc/udc.o
 .bss.udc_device_status
                0x20000b00        0x2 src/ASF/common/services/usb/udc/udc.o
 .bss.udc_num_configuration
                0x20000b02        0x1 src/ASF/common/services/usb/udc/udc.o
 .bss.udc_iface_setting.7841
                0x20000b03        0x1 src/ASF/common/services/usb/udc/udc.o
 .bss.udc_ptr_iface
                0x20000b04        0x4 src/ASF/common/services/usb/udc/udc.o
 .bss.udc_ep_status.7781
                0x20000b08        0x2 src/ASF/common/services/usb/udc/udc.o
 .bss.stdio_usb_interface_enable
                0x20000b0a        0x1 src/ASF/common/utils/stdio/stdio_usb/stdio_usb.o
 *fill*         0x20000b0b        0x1 
 .bss.gs_ul_nb_sources
                0x20000b0c        0x4 src/ASF/sam/drivers/pio/pio_handler.o
 .bss.pio_capture_handler
                0x20000b10        0x4 src/ASF/sam/drivers/pio/pio_handler.o
 .bss.gs_interrupt_sources
                0x20000b14       0x70 src/ASF/sam/drivers/pio/pio_handler.o
 .bss.udd_ctrl_prev_payload_nb_trans
                0x20000b84        0x2 src/ASF/sam/drivers/udp/udp_device.o
 *fill*         0x20000b86        0x2 
 .bss.udd_ep_job
                0x20000b88       0x3c src/ASF/sam/drivers/udp/udp_device.o
 .bss.udd_b_idle
                0x20000bc4        0x1 src/ASF/sam/drivers/udp/udp_device.o
 *fill*         0x20000bc5        0x1 
 .bss.udd_ctrl_payload_nb_trans
                0x20000bc6        0x2 src/ASF/sam/drivers/udp/udp_device.o
 .bss.udd_ep_control_state
                0x20000bc8        0x1 src/ASF/sam/drivers/udp/udp_device.o
 .bss.b_shortpacket.8830
                0x20000bc9        0x1 src/ASF/sam/drivers/udp/udp_device.o
 .bss.b_is_sleep_clock_used
                0x20000bca        0x1 src/ASF/sam/drivers/pmc/sleep.o
 *fill*         0x20000bcb        0x1 
 .bss.heap.5098
                0x20000bcc        0x4 src/ASF/sam/utils/syscalls/gcc/syscalls.o
 .bss.enable_count
                0x20000bd0        0x1 src/main.o
                0x20000bd0                enable_count
 *fill*         0x20000bd1        0x3 
 .bss.__malloc_max_total_mem
                0x20000bd4        0x4 c:/program files (x86)/atmel/atmel toolchain/arm gcc/native/4.8.1437/arm-gnu-toolchain/bin/../lib/gcc/arm-none-eabi/4.8.4/../../../../arm-none-eabi/lib/armv7e-m\libc.a(lib_a-mallocr.o)
                0x20000bd4                __malloc_max_total_mem
 .bss.__malloc_max_sbrked_mem
                0x20000bd8        0x4 c:/program files (x86)/atmel/atmel toolchain/arm gcc/native/4.8.1437/arm-gnu-toolchain/bin/../lib/gcc/arm-none-eabi/4.8.4/../../../../arm-none-eabi/lib/armv7e-m\libc.a(lib_a-mallocr.o)
                0x20000bd8                __malloc_max_sbrked_mem
 .bss.__malloc_top_pad
                0x20000bdc        0x4 c:/program files (x86)/atmel/atmel toolchain/arm gcc/native/4.8.1437/arm-gnu-toolchain/bin/../lib/gcc/arm-none-eabi/4.8.4/../../../../arm-none-eabi/lib/armv7e-m\libc.a(lib_a-mallocr.o)
                0x20000bdc                __malloc_top_pad
 .bss.__malloc_current_mallinfo
                0x20000be0       0x28 c:/program files (x86)/atmel/atmel toolchain/arm gcc/native/4.8.1437/arm-gnu-toolchain/bin/../lib/gcc/arm-none-eabi/4.8.4/../../../../arm-none-eabi/lib/armv7e-m\libc.a(lib_a-mallocr.o)
                0x20000be0                __malloc_current_mallinfo
 *(COMMON)
 COMMON         0x20000c08        0x6 src/ASF/common/services/sleepmgr/sam/sleepmgr.o
                0x20000c08                sleepmgr_locks
 *fill*         0x20000c0e        0x2 
 COMMON         0x20000c10        0x4 src/ASF/common/utils/stdio/read.o
                0x20000c10                ptr_get
 COMMON         0x20000c14       0x18 src/ASF/sam/drivers/udp/udp_device.o
                0x20000c14                udd_g_ctrlreq
 COMMON         0x20000c2c        0x8 src/ASF/common/utils/stdio/write.o
                0x20000c2c                ptr_put
                0x20000c30                stdio_base
 COMMON         0x20000c34        0x4 src/ASF/sam/drivers/pio/pio.o
                0x20000c34                pio_capture_enable_flag
 COMMON         0x20000c38     0xbb84 src/main.o
                0x20000c38                head_position
                0x20000c3c                primary_count
                0x20004abc                secondary_count
                0x2000893c                tertiary_count
 COMMON         0x2000c7bc        0x4 c:/program files (x86)/atmel/atmel toolchain/arm gcc/native/4.8.1437/arm-gnu-toolchain/bin/../lib/gcc/arm-none-eabi/4.8.4/../../../../arm-none-eabi/lib/armv7e-m\libc.a(lib_a-reent.o)
                0x2000c7bc                errno
                0x2000c7c0                . = ALIGN (0x4)
                0x2000c7c0                _ebss = .
                0x2000c7c0                _ezero = .

.stack          0x2000c7c0     0x3000 load address 0x00419cf0
                0x2000c7c0                . = ALIGN (0x8)
                0x2000c7c0                _sstack = .
                0x2000f7c0                . = (. + __stack_size__)
 *fill*         0x2000c7c0     0x3000 
                0x2000f7c0                . = ALIGN (0x8)
                0x2000f7c0                _estack = .
                0x2000f7c0                . = ALIGN (0x4)
                0x2000f7c0                _end = .
OUTPUT(DosimeterCounter.elf elf32-littlearm)

.ARM.attributes
                0x00000000       0x2e
 .ARM.attributes
                0x00000000       0x1e c:/program files (x86)/atmel/atmel toolchain/arm gcc/native/4.8.1437/arm-gnu-toolchain/bin/../lib/gcc/arm-none-eabi/4.8.4/armv7e-m/crti.o
 .ARM.attributes
                0x0000001e       0x2e c:/program files (x86)/atmel/atmel toolchain/arm gcc/native/4.8.1437/arm-gnu-toolchain/bin/../lib/gcc/arm-none-eabi/4.8.4/armv7e-m/crtbegin.o
 .ARM.attributes
                0x0000004c       0x37 src/ASF/common/services/sleepmgr/sam/sleepmgr.o
 .ARM.attributes
                0x00000083       0x37 src/ASF/common/services/usb/class/cdc/device/udi_cdc.o
 .ARM.attributes
                0x000000ba       0x37 src/ASF/common/services/usb/udc/udc.o
 .ARM.attributes
                0x000000f1       0x37 src/ASF/common/utils/stdio/read.o
 .ARM.attributes
                0x00000128       0x37 src/ASF/common/utils/stdio/stdio_usb/stdio_usb.o
 .ARM.attributes
                0x0000015f       0x37 src/ASF/sam/drivers/pio/pio_handler.o
 .ARM.attributes
                0x00000196       0x37 src/ASF/sam/drivers/udp/udp_device.o
 .ARM.attributes
                0x000001cd       0x37 src/ASF/common/utils/stdio/write.o
 .ARM.attributes
                0x00000204       0x37 src/ASF/common/services/usb/class/cdc/device/udi_cdc_desc.o
 .ARM.attributes
                0x0000023b       0x37 src/ASF/sam/drivers/pio/pio.o
 .ARM.attributes
                0x00000272       0x37 src/ASF/sam/drivers/tc/tc.o
 .ARM.attributes
                0x000002a9       0x37 src/ASF/common/services/clock/sam4e/sysclk.o
 .ARM.attributes
                0x000002e0       0x37 src/ASF/common/utils/interrupt/interrupt_sam_nvic.o
 .ARM.attributes
                0x00000317       0x37 src/ASF/sam/boards/sam4e_ek/init.o
 .ARM.attributes
                0x0000034e       0x37 src/ASF/sam/drivers/pmc/pmc.o
 .ARM.attributes
                0x00000385       0x37 src/ASF/sam/drivers/pmc/sleep.o
 .ARM.attributes
                0x000003bc       0x37 src/ASF/sam/utils/cmsis/sam4e/source/templates/exceptions.o
 .ARM.attributes
                0x000003f3       0x37 src/ASF/sam/utils/cmsis/sam4e/source/templates/gcc/startup_sam4e.o
 .ARM.attributes
                0x0000042a       0x37 src/ASF/sam/utils/cmsis/sam4e/source/templates/system_sam4e.o
 .ARM.attributes
                0x00000461       0x37 src/ASF/sam/utils/syscalls/gcc/syscalls.o
 .ARM.attributes
                0x00000498       0x37 src/main.o
 .ARM.attributes
                0x000004cf       0x2e c:/program files (x86)/atmel/atmel toolchain/arm gcc/native/4.8.1437/arm-gnu-toolchain/bin/../lib/gcc/arm-none-eabi/4.8.4/../../../../arm-none-eabi/lib/armv7e-m\libc.a(lib_a-impure.o)
 .ARM.attributes
                0x000004fd       0x2e c:/program files (x86)/atmel/atmel toolchain/arm gcc/native/4.8.1437/arm-gnu-toolchain/bin/../lib/gcc/arm-none-eabi/4.8.4/../../../../arm-none-eabi/lib/armv7e-m\libc.a(lib_a-init.o)
 .ARM.attributes
                0x0000052b       0x2e c:/program files (x86)/atmel/atmel toolchain/arm gcc/native/4.8.1437/arm-gnu-toolchain/bin/../lib/gcc/arm-none-eabi/4.8.4/../../../../arm-none-eabi/lib/armv7e-m\libc.a(lib_a-iprintf.o)
 .ARM.attributes
                0x00000559       0x1c c:/program files (x86)/atmel/atmel toolchain/arm gcc/native/4.8.1437/arm-gnu-toolchain/bin/../lib/gcc/arm-none-eabi/4.8.4/../../../../arm-none-eabi/lib/armv7e-m\libc.a(lib_a-memcpy.o)
 .ARM.attributes
                0x00000575       0x2e c:/program files (x86)/atmel/atmel toolchain/arm gcc/native/4.8.1437/arm-gnu-toolchain/bin/../lib/gcc/arm-none-eabi/4.8.4/../../../../arm-none-eabi/lib/armv7e-m\libc.a(lib_a-memset.o)
 .ARM.attributes
                0x000005a3       0x2e c:/program files (x86)/atmel/atmel toolchain/arm gcc/native/4.8.1437/arm-gnu-toolchain/bin/../lib/gcc/arm-none-eabi/4.8.4/../../../../arm-none-eabi/lib/armv7e-m\libc.a(lib_a-setbuf.o)
 .ARM.attributes
                0x000005d1       0x2e c:/program files (x86)/atmel/atmel toolchain/arm gcc/native/4.8.1437/arm-gnu-toolchain/bin/../lib/gcc/arm-none-eabi/4.8.4/../../../../arm-none-eabi/lib/armv7e-m\libc.a(lib_a-setvbuf.o)
 .ARM.attributes
                0x000005ff       0x2e c:/program files (x86)/atmel/atmel toolchain/arm gcc/native/4.8.1437/arm-gnu-toolchain/bin/../lib/gcc/arm-none-eabi/4.8.4/../../../../arm-none-eabi/lib/armv7e-m\libc.a(lib_a-sscanf.o)
 .ARM.attributes
                0x0000062d       0x2e c:/program files (x86)/atmel/atmel toolchain/arm gcc/native/4.8.1437/arm-gnu-toolchain/bin/../lib/gcc/arm-none-eabi/4.8.4/../../../../arm-none-eabi/lib/armv7e-m\libc.a(lib_a-stdio.o)
 .ARM.attributes
                0x0000065b       0x1c c:/program files (x86)/atmel/atmel toolchain/arm gcc/native/4.8.1437/arm-gnu-toolchain/bin/../lib/gcc/arm-none-eabi/4.8.4/../../../../arm-none-eabi/lib/armv7e-m\libc.a(lib_a-strcmp.o)
 .ARM.attributes
                0x00000677       0x2e c:/program files (x86)/atmel/atmel toolchain/arm gcc/native/4.8.1437/arm-gnu-toolchain/bin/../lib/gcc/arm-none-eabi/4.8.4/../../../../arm-none-eabi/lib/armv7e-m\libc.a(lib_a-strlen.o)
 .ARM.attributes
                0x000006a5       0x2e c:/program files (x86)/atmel/atmel toolchain/arm gcc/native/4.8.1437/arm-gnu-toolchain/bin/../lib/gcc/arm-none-eabi/4.8.4/../../../../arm-none-eabi/lib/armv7e-m\libc.a(lib_a-strncmp.o)
 .ARM.attributes
                0x000006d3       0x2e c:/program files (x86)/atmel/atmel toolchain/arm gcc/native/4.8.1437/arm-gnu-toolchain/bin/../lib/gcc/arm-none-eabi/4.8.4/../../../../arm-none-eabi/lib/armv7e-m\libc.a(lib_a-svfscanf.o)
 .ARM.attributes
                0x00000701       0x2e c:/program files (x86)/atmel/atmel toolchain/arm gcc/native/4.8.1437/arm-gnu-toolchain/bin/../lib/gcc/arm-none-eabi/4.8.4/../../../../arm-none-eabi/lib/armv7e-m\libc.a(lib_a-vfiprintf.o)
 .ARM.attributes
                0x0000072f       0x2e c:/program files (x86)/atmel/atmel toolchain/arm gcc/native/4.8.1437/arm-gnu-toolchain/bin/../lib/gcc/arm-none-eabi/4.8.4/../../../../arm-none-eabi/lib/armv7e-m\libc.a(lib_a-writer.o)
 .ARM.attributes
                0x0000075d       0x2e c:/program files (x86)/atmel/atmel toolchain/arm gcc/native/4.8.1437/arm-gnu-toolchain/bin/../lib/gcc/arm-none-eabi/4.8.4/../../../../arm-none-eabi/lib/armv7e-m\libc.a(lib_a-wsetup.o)
 .ARM.attributes
                0x0000078b       0x2e c:/program files (x86)/atmel/atmel toolchain/arm gcc/native/4.8.1437/arm-gnu-toolchain/bin/../lib/gcc/arm-none-eabi/4.8.4/../../../../arm-none-eabi/lib/armv7e-m\libc.a(lib_a-__call_atexit.o)
 .ARM.attributes
                0x000007b9       0x2e c:/program files (x86)/atmel/atmel toolchain/arm gcc/native/4.8.1437/arm-gnu-toolchain/bin/../lib/gcc/arm-none-eabi/4.8.4/../../../../arm-none-eabi/lib/armv7e-m\libc.a(lib_a-atexit.o)
 .ARM.attributes
                0x000007e7       0x2e c:/program files (x86)/atmel/atmel toolchain/arm gcc/native/4.8.1437/arm-gnu-toolchain/bin/../lib/gcc/arm-none-eabi/4.8.4/../../../../arm-none-eabi/lib/armv7e-m\libc.a(lib_a-closer.o)
 .ARM.attributes
                0x00000815       0x2e c:/program files (x86)/atmel/atmel toolchain/arm gcc/native/4.8.1437/arm-gnu-toolchain/bin/../lib/gcc/arm-none-eabi/4.8.4/../../../../arm-none-eabi/lib/armv7e-m\libc.a(lib_a-ctype_.o)
 .ARM.attributes
                0x00000843       0x2e c:/program files (x86)/atmel/atmel toolchain/arm gcc/native/4.8.1437/arm-gnu-toolchain/bin/../lib/gcc/arm-none-eabi/4.8.4/../../../../arm-none-eabi/lib/armv7e-m\libc.a(lib_a-fflush.o)
 .ARM.attributes
                0x00000871       0x2e c:/program files (x86)/atmel/atmel toolchain/arm gcc/native/4.8.1437/arm-gnu-toolchain/bin/../lib/gcc/arm-none-eabi/4.8.4/../../../../arm-none-eabi/lib/armv7e-m\libc.a(lib_a-findfp.o)
 .ARM.attributes
                0x0000089f       0x2e c:/program files (x86)/atmel/atmel toolchain/arm gcc/native/4.8.1437/arm-gnu-toolchain/bin/../lib/gcc/arm-none-eabi/4.8.4/../../../../arm-none-eabi/lib/armv7e-m\libc.a(lib_a-fini.o)
 .ARM.attributes
                0x000008cd       0x2e c:/program files (x86)/atmel/atmel toolchain/arm gcc/native/4.8.1437/arm-gnu-toolchain/bin/../lib/gcc/arm-none-eabi/4.8.4/../../../../arm-none-eabi/lib/armv7e-m\libc.a(lib_a-fputwc.o)
 .ARM.attributes
                0x000008fb       0x2e c:/program files (x86)/atmel/atmel toolchain/arm gcc/native/4.8.1437/arm-gnu-toolchain/bin/../lib/gcc/arm-none-eabi/4.8.4/../../../../arm-none-eabi/lib/armv7e-m\libc.a(lib_a-freer.o)
 .ARM.attributes
                0x00000929       0x2e c:/program files (x86)/atmel/atmel toolchain/arm gcc/native/4.8.1437/arm-gnu-toolchain/bin/../lib/gcc/arm-none-eabi/4.8.4/../../../../arm-none-eabi/lib/armv7e-m\libc.a(lib_a-fvwrite.o)
 .ARM.attributes
                0x00000957       0x2e c:/program files (x86)/atmel/atmel toolchain/arm gcc/native/4.8.1437/arm-gnu-toolchain/bin/../lib/gcc/arm-none-eabi/4.8.4/../../../../arm-none-eabi/lib/armv7e-m\libc.a(lib_a-fwalk.o)
 .ARM.attributes
                0x00000985       0x2e c:/program files (x86)/atmel/atmel toolchain/arm gcc/native/4.8.1437/arm-gnu-toolchain/bin/../lib/gcc/arm-none-eabi/4.8.4/../../../../arm-none-eabi/lib/armv7e-m\libc.a(lib_a-iswspace.o)
 .ARM.attributes
                0x000009b3       0x2e c:/program files (x86)/atmel/atmel toolchain/arm gcc/native/4.8.1437/arm-gnu-toolchain/bin/../lib/gcc/arm-none-eabi/4.8.4/../../../../arm-none-eabi/lib/armv7e-m\libc.a(lib_a-locale.o)
 .ARM.attributes
                0x000009e1       0x2e c:/program files (x86)/atmel/atmel toolchain/arm gcc/native/4.8.1437/arm-gnu-toolchain/bin/../lib/gcc/arm-none-eabi/4.8.4/../../../../arm-none-eabi/lib/armv7e-m\libc.a(lib_a-lseekr.o)
 .ARM.attributes
                0x00000a0f       0x2e c:/program files (x86)/atmel/atmel toolchain/arm gcc/native/4.8.1437/arm-gnu-toolchain/bin/../lib/gcc/arm-none-eabi/4.8.4/../../../../arm-none-eabi/lib/armv7e-m\libc.a(lib_a-makebuf.o)
 .ARM.attributes
                0x00000a3d       0x2e c:/program files (x86)/atmel/atmel toolchain/arm gcc/native/4.8.1437/arm-gnu-toolchain/bin/../lib/gcc/arm-none-eabi/4.8.4/../../../../arm-none-eabi/lib/armv7e-m\libc.a(lib_a-malloc.o)
 .ARM.attributes
                0x00000a6b       0x2e c:/program files (x86)/atmel/atmel toolchain/arm gcc/native/4.8.1437/arm-gnu-toolchain/bin/../lib/gcc/arm-none-eabi/4.8.4/../../../../arm-none-eabi/lib/armv7e-m\libc.a(lib_a-mallocr.o)
 .ARM.attributes
                0x00000a99       0x2e c:/program files (x86)/atmel/atmel toolchain/arm gcc/native/4.8.1437/arm-gnu-toolchain/bin/../lib/gcc/arm-none-eabi/4.8.4/../../../../arm-none-eabi/lib/armv7e-m\libc.a(lib_a-mbrtowc.o)
 .ARM.attributes
                0x00000ac7       0x2e c:/program files (x86)/atmel/atmel toolchain/arm gcc/native/4.8.1437/arm-gnu-toolchain/bin/../lib/gcc/arm-none-eabi/4.8.4/../../../../arm-none-eabi/lib/armv7e-m\libc.a(lib_a-mbtowc_r.o)
 .ARM.attributes
                0x00000af5       0x2e c:/program files (x86)/atmel/atmel toolchain/arm gcc/native/4.8.1437/arm-gnu-toolchain/bin/../lib/gcc/arm-none-eabi/4.8.4/../../../../arm-none-eabi/lib/armv7e-m\libc.a(lib_a-memchr-stub.o)
 .ARM.attributes
                0x00000b23       0x2e c:/program files (x86)/atmel/atmel toolchain/arm gcc/native/4.8.1437/arm-gnu-toolchain/bin/../lib/gcc/arm-none-eabi/4.8.4/../../../../arm-none-eabi/lib/armv7e-m\libc.a(lib_a-memmove.o)
 .ARM.attributes
                0x00000b51       0x2e c:/program files (x86)/atmel/atmel toolchain/arm gcc/native/4.8.1437/arm-gnu-toolchain/bin/../lib/gcc/arm-none-eabi/4.8.4/../../../../arm-none-eabi/lib/armv7e-m\libc.a(lib_a-mlock.o)
 .ARM.attributes
                0x00000b7f       0x2e c:/program files (x86)/atmel/atmel toolchain/arm gcc/native/4.8.1437/arm-gnu-toolchain/bin/../lib/gcc/arm-none-eabi/4.8.4/../../../../arm-none-eabi/lib/armv7e-m\libc.a(lib_a-readr.o)
 .ARM.attributes
                0x00000bad       0x2e c:/program files (x86)/atmel/atmel toolchain/arm gcc/native/4.8.1437/arm-gnu-toolchain/bin/../lib/gcc/arm-none-eabi/4.8.4/../../../../arm-none-eabi/lib/armv7e-m\libc.a(lib_a-reallocr.o)
 .ARM.attributes
                0x00000bdb       0x2e c:/program files (x86)/atmel/atmel toolchain/arm gcc/native/4.8.1437/arm-gnu-toolchain/bin/../lib/gcc/arm-none-eabi/4.8.4/../../../../arm-none-eabi/lib/armv7e-m\libc.a(lib_a-reent.o)
 .ARM.attributes
                0x00000c09       0x2e c:/program files (x86)/atmel/atmel toolchain/arm gcc/native/4.8.1437/arm-gnu-toolchain/bin/../lib/gcc/arm-none-eabi/4.8.4/../../../../arm-none-eabi/lib/armv7e-m\libc.a(lib_a-s_fpclassify.o)
 .ARM.attributes
                0x00000c37       0x2e c:/program files (x86)/atmel/atmel toolchain/arm gcc/native/4.8.1437/arm-gnu-toolchain/bin/../lib/gcc/arm-none-eabi/4.8.4/../../../../arm-none-eabi/lib/armv7e-m\libc.a(lib_a-sbrkr.o)
 .ARM.attributes
                0x00000c65       0x2e c:/program files (x86)/atmel/atmel toolchain/arm gcc/native/4.8.1437/arm-gnu-toolchain/bin/../lib/gcc/arm-none-eabi/4.8.4/../../../../arm-none-eabi/lib/armv7e-m\libc.a(lib_a-sccl.o)
 .ARM.attributes
                0x00000c93       0x2e c:/program files (x86)/atmel/atmel toolchain/arm gcc/native/4.8.1437/arm-gnu-toolchain/bin/../lib/gcc/arm-none-eabi/4.8.4/../../../../arm-none-eabi/lib/armv7e-m\libc.a(lib_a-sf_nan.o)
 .ARM.attributes
                0x00000cc1       0x2e c:/program files (x86)/atmel/atmel toolchain/arm gcc/native/4.8.1437/arm-gnu-toolchain/bin/../lib/gcc/arm-none-eabi/4.8.4/../../../../arm-none-eabi/lib/armv7e-m\libc.a(lib_a-sprintf.o)
 .ARM.attributes
                0x00000cef       0x2e c:/program files (x86)/atmel/atmel toolchain/arm gcc/native/4.8.1437/arm-gnu-toolchain/bin/../lib/gcc/arm-none-eabi/4.8.4/../../../../arm-none-eabi/lib/armv7e-m\libc.a(lib_a-strtod.o)
 .ARM.attributes
                0x00000d1d       0x2e c:/program files (x86)/atmel/atmel toolchain/arm gcc/native/4.8.1437/arm-gnu-toolchain/bin/../lib/gcc/arm-none-eabi/4.8.4/../../../../arm-none-eabi/lib/armv7e-m\libc.a(lib_a-strtol.o)
 .ARM.attributes